../Core/Src/DriveMotor.c:25:6:DriveMotor_Init	4	static
../Core/Src/DriveMotor.c:151:6:SetMotorSpeed	16	static
../Core/Src/DriveMotor.c:171:6:MotorsForward	8	static
../Core/Src/DriveMotor.c:177:6:MotorsBackward	8	static
../Core/Src/DriveMotor.c:183:6:HalfRight	8	static
../Core/Src/DriveMotor.c:189:6:HalfLeft	8	static
../Core/Src/DriveMotor.c:195:6:RevRight	8	static
../Core/Src/DriveMotor.c:201:6:RevLeft	8	static
../Core/Src/DriveMotor.c:207:6:FullRight	8	static
../Core/Src/DriveMotor.c:213:6:FullLeft	8	static
../Core/Src/DriveMotor.c:221:6:SetMotorDir	24	static
