../Core/Src/DriveMotor.c:25:6:DriveMotor_Init	4	static
../Core/Src/DriveMotor.c:151:6:SetMotorSpeed	16	static
../Core/Src/DriveMotor.c:168:6:MotorsForward	8	static
../Core/Src/DriveMotor.c:174:6:MotorsBackward	8	static
../Core/Src/DriveMotor.c:180:6:HalfRight	8	static
../Core/Src/DriveMotor.c:186:6:HalfLeft	8	static
../Core/Src/DriveMotor.c:192:6:RevRight	8	static
../Core/Src/DriveMotor.c:198:6:RevLeft	8	static
../Core/Src/DriveMotor.c:204:6:FullRight	8	static
../Core/Src/DriveMotor.c:210:6:FullLeft	8	static
../Core/Src/DriveMotor.c:218:6:SetMotorDir	24	static
