<html>
<body>
<pre>
<h1>µVision Build Log</h1>
<h2>Tool Versions:</h2>
IDE-Version: µVision V5.39.0.0
Copyright (C) 2023 ARM Ltd and ARM Germany GmbH. All rights reserved.
License Information: Alan Hossseinpour, Conestoga College , LIC=----
 
Tool Versions:
Toolchain:       MDK-Lite  Version: 5.39.0.0
Toolchain Path:  C:\Keil_v5\ARM\ARMCLANG\Bin
C Compiler:      ArmClang.exe V6.21
Assembler:       Armasm.exe V6.21
Linker/Locator:  ArmLink.exe V6.21
Library Manager: ArmAr.exe V6.21
Hex Converter:   FromElf.exe V6.21
CPU DLL:         SARMCM3.DLL V5.39.0.0
Dialog DLL:      DCM.DLL V1.17.5.0
Target DLL:      STLink\ST-LINKIII-KEIL_SWO.dll V3.2.0.0
Dialog DLL:      TCM.DLL V1.56.4.0
 
<h2>Project:</h2>
C:\Users\alanh\Desktop\ESE\Semester 4\Embedded Systems Software\Lab7 LCD\LAB6.uvprojx
Project File Date:  04/03/2024

<h2>Output:</h2>
*** Using Compiler 'V6.21', folder: 'C:\Keil_v5\ARM\ARMCLANG\Bin'
Build target 'Target 1'
LCD.c(13): warning: In file included from...
./LCD.h(12): warning: In file included from...
./utility.h(82): warning: no newline at end of file [-Wnewline-eof]
   82 | #endif // __UTILITY_H
      |                      ^
LCD.c(16): warning: In file included from...
./utility.h(82): warning: no newline at end of file [-Wnewline-eof]
   82 | #endif // __UTILITY_H
      |                      ^
LCD.c(169): warning: format string is not a string literal [-Wformat-nonliteral]
  169 |     (void)vsnprintf(buffer, MAX_LCD_BUFSIZ, str, args);
      |                                             ^~~
LCD.c(183): warning: implicit conversion loses integer precision: 'unsigned int' to 'uint8_t' (aka 'unsigned char') [-Wimplicit-int-conversion]
  183 |     LCD_cmd(LCD_CMD_CGRAMADDR | (address << 3)); // 0x40 + address shift
      |     ~~~~~~~ ~~~~~~~~~~~~~~~~~~^~~~~~~~~~~~~~~~
LCD.c(183): warning: implicit conversion changes signedness: 'int' to 'unsigned int' [-Wsign-conversion]
  183 |     LCD_cmd(LCD_CMD_CGRAMADDR | (address << 3)); // 0x40 + address shift
      |                               ~  ~~~~~~~~^~~~
LCD.c(206): warning: no newline at end of file [-Wnewline-eof]
  206 | }
      |  ^
LCD.c(128): warning: unsafe buffer access [-Wunsafe-buffer-usage]
  128 |     } else if (ch == customChar[1]) {
      |                      ^~~~~~~~~~
LCD.c(130): warning: unsafe buffer access [-Wunsafe-buffer-usage]
  130 |     } else if (ch == customChar[2]) {
      |                      ^~~~~~~~~~
LCD.c(132): warning: unsafe buffer access [-Wunsafe-buffer-usage]
  132 |     } else if (ch == customChar[3]) {
      |                      ^~~~~~~~~~
LCD.c(134): warning: unsafe buffer access [-Wunsafe-buffer-usage]
  134 |     } else if (ch == customChar[4]) {
      |                      ^~~~~~~~~~
LCD.c(136): warning: unsafe buffer access [-Wunsafe-buffer-usage]
  136 |     } else if (ch == customChar[5]) {
      |                      ^~~~~~~~~~
LCD.c(138): warning: unsafe buffer access [-Wunsafe-buffer-usage]
  138 |     } else if (ch == customChar[6]) {
      |                      ^~~~~~~~~~
LCD.c(140): warning: unsafe buffer access [-Wunsafe-buffer-usage]
  140 |     } else if (ch == customChar[7]) {
      |                      ^~~~~~~~~~
LCD.c(154): warning: unsafe pointer arithmetic [-Wunsafe-buffer-usage]
  154 |         LCDputc(*str++);
      |                  ^~~
LCD.c(190): warning: unsafe buffer access [-Wunsafe-buffer-usage]
  190 |         LCD_data(character[i]);
      |                  ^~~~~~~~~
LCD.c(204): warning: unsafe buffer access [-Wunsafe-buffer-usage]
  204 |         customChar[i] = character[i];
      |         ^~~~~~~~~~
LCD.c(204): warning: unsafe buffer access [-Wunsafe-buffer-usage]
  204 |         customChar[i] = character[i];
      |                         ^~~~~~~~~
17 warnings generated.
compiling LCD.c...
linking...
Program Size: Code=8828 RO-data=1020 RW-data=12 ZI-data=1632  
".\Objects\LAB6.axf" - 0 Error(s), 17 Warning(s).

<h2>Software Packages used:</h2>

Package Vendor: ARM
                https://www.keil.com/pack/ARM.CMSIS.6.0.0.pack
                ARM::CMSIS@6.0.0
                CMSIS (Common Microcontroller Software Interface Standard)
   * Component: CORE Version: 6.0.0

Package Vendor: Keil
                http://www.keil.com/pack/Keil.STM32F3xx_DFP.2.2.2.pack
                Keil::STM32F3xx_DFP@2.2.2
                STMicroelectronics STM32F3 Series Device Support and Examples

<h2>Collection of Component include folders:</h2>
  ./RTE/_Target_1
  C:/Users/alanh/AppData/Local/Arm/Packs/ARM/CMSIS/6.0.0/CMSIS/Core/Include
  C:/Users/alanh/AppData/Local/Arm/Packs/Keil/STM32F3xx_DFP/2.2.2/Drivers/CMSIS/Device/ST/STM32F3xx/Include

<h2>Collection of Component Files used:</h2>

   * Component: ARM::CMSIS:CORE@6.0.0
Build Time Elapsed:  00:00:00
</pre>
</body>
</html>
