18:36:40 **** Clean-only build of configuration Debug for project Proj-5 ****
make -j7 clean 
rm -rf ./Drivers/STM32F3xx_HAL_Driver/Src/stm32f3xx_hal.cyclo ./Drivers/STM32F3xx_HAL_Driver/Src/stm32f3xx_hal.d ./Drivers/STM32F3xx_HAL_Driver/Src/stm32f3xx_hal.o ./Drivers/STM32F3xx_HAL_Driver/Src/stm32f3xx_hal.su ./Drivers/STM32F3xx_HAL_Driver/Src/stm32f3xx_hal_cortex.cyclo ./Drivers/STM32F3xx_HAL_Driver/Src/stm32f3xx_hal_cortex.d ./Drivers/STM32F3xx_HAL_Driver/Src/stm32f3xx_hal_cortex.o ./Drivers/STM32F3xx_HAL_Driver/Src/stm32f3xx_hal_cortex.su ./Drivers/STM32F3xx_HAL_Driver/Src/stm32f3xx_hal_dma.cyclo ./Drivers/STM32F3xx_HAL_Driver/Src/stm32f3xx_hal_dma.d ./Drivers/STM32F3xx_HAL_Driver/Src/stm32f3xx_hal_dma.o ./Drivers/STM32F3xx_HAL_Driver/Src/stm32f3xx_hal_dma.su ./Drivers/STM32F3xx_HAL_Driver/Src/stm32f3xx_hal_exti.cyclo ./Drivers/STM32F3xx_HAL_Driver/Src/stm32f3xx_hal_exti.d ./Drivers/STM32F3xx_HAL_Driver/Src/stm32f3xx_hal_exti.o ./Drivers/STM32F3xx_HAL_Driver/Src/stm32f3xx_hal_exti.su ./Drivers/STM32F3xx_HAL_Driver/Src/stm32f3xx_hal_flash.cyclo ./Drivers/STM32F3xx_HAL_Driver/Src/stm32f3xx_hal_flash.d ./Drivers/STM32F3xx_HAL_Driver/Src/stm32f3xx_hal_flash.o ./Drivers/STM32F3xx_HAL_Driver/Src/stm32f3xx_hal_flash.su ./Drivers/STM32F3xx_HAL_Driver/Src/stm32f3xx_hal_flash_ex.cyclo ./Drivers/STM32F3xx_HAL_Driver/Src/stm32f3xx_hal_flash_ex.d ./Drivers/STM32F3xx_HAL_Driver/Src/stm32f3xx_hal_flash_ex.o ./Drivers/STM32F3xx_HAL_Driver/Src/stm32f3xx_hal_flash_ex.su ./Drivers/STM32F3xx_HAL_Driver/Src/stm32f3xx_hal_gpio.cyclo ./Drivers/STM32F3xx_HAL_Driver/Src/stm32f3xx_hal_gpio.d ./Drivers/STM32F3xx_HAL_Driver/Src/stm32f3xx_hal_gpio.o ./Drivers/STM32F3xx_HAL_Driver/Src/stm32f3xx_hal_gpio.su ./Drivers/STM32F3xx_HAL_Driver/Src/stm32f3xx_hal_i2c.cyclo ./Drivers/STM32F3xx_HAL_Driver/Src/stm32f3xx_hal_i2c.d ./Drivers/STM32F3xx_HAL_Driver/Src/stm32f3xx_hal_i2c.o ./Drivers/STM32F3xx_HAL_Driver/Src/stm32f3xx_hal_i2c.su ./Drivers/STM32F3xx_HAL_Driver/Src/stm32f3xx_hal_i2c_ex.cyclo ./Drivers/STM32F3xx_HAL_Driver/Src/stm32f3xx_hal_i2c_ex.d ./Drivers/STM32F3xx_HAL_Driver/Src/stm32f3xx_hal_i2c_ex.o ./Drivers/STM32F3xx_HAL_Driver/Src/stm32f3xx_hal_i2c_ex.su ./Drivers/STM32F3xx_HAL_Driver/Src/stm32f3xx_hal_pwr.cyclo ./Drivers/STM32F3xx_HAL_Driver/Src/stm32f3xx_hal_pwr.d ./Drivers/STM32F3xx_HAL_Driver/Src/stm32f3xx_hal_pwr.o ./Drivers/STM32F3xx_HAL_Driver/Src/stm32f3xx_hal_pwr.su ./Drivers/STM32F3xx_HAL_Driver/Src/stm32f3xx_hal_pwr_ex.cyclo ./Drivers/STM32F3xx_HAL_Driver/Src/stm32f3xx_hal_pwr_ex.d ./Drivers/STM32F3xx_HAL_Driver/Src/stm32f3xx_hal_pwr_ex.o ./Drivers/STM32F3xx_HAL_Driver/Src/stm32f3xx_hal_pwr_ex.su ./Drivers/STM32F3xx_HAL_Driver/Src/stm32f3xx_hal_rcc.cyclo ./Drivers/STM32F3xx_HAL_Driver/Src/stm32f3xx_hal_rcc.d ./Drivers/STM32F3xx_HAL_Driver/Src/stm32f3xx_hal_rcc.o ./Drivers/STM32F3xx_HAL_Driver/Src/stm32f3xx_hal_rcc.su ./Drivers/STM32F3xx_HAL_Driver/Src/stm32f3xx_hal_rcc_ex.cyclo ./Drivers/STM32F3xx_HAL_Driver/Src/stm32f3xx_hal_rcc_ex.d ./Drivers/STM32F3xx_HAL_Driver/Src/stm32f3xx_hal_rcc_ex.o ./Drivers/STM32F3xx_HAL_Driver/Src/stm32f3xx_hal_rcc_ex.su ./Drivers/STM32F3xx_HAL_Driver/Src/stm32f3xx_hal_tim.cyclo ./Drivers/STM32F3xx_HAL_Driver/Src/stm32f3xx_hal_tim.d ./Drivers/STM32F3xx_HAL_Driver/Src/stm32f3xx_hal_tim.o ./Drivers/STM32F3xx_HAL_Driver/Src/stm32f3xx_hal_tim.su ./Drivers/STM32F3xx_HAL_Driver/Src/stm32f3xx_hal_tim_ex.cyclo ./Drivers/STM32F3xx_HAL_Driver/Src/stm32f3xx_hal_tim_ex.d ./Drivers/STM32F3xx_HAL_Driver/Src/stm32f3xx_hal_tim_ex.o ./Drivers/STM32F3xx_HAL_Driver/Src/stm32f3xx_hal_tim_ex.su ./Drivers/STM32F3xx_HAL_Driver/Src/stm32f3xx_hal_uart.cyclo ./Drivers/STM32F3xx_HAL_Driver/Src/stm32f3xx_hal_uart.d ./Drivers/STM32F3xx_HAL_Driver/Src/stm32f3xx_hal_uart.o ./Drivers/STM32F3xx_HAL_Driver/Src/stm32f3xx_hal_uart.su ./Drivers/STM32F3xx_HAL_Driver/Src/stm32f3xx_hal_uart_ex.cyclo ./Drivers/STM32F3xx_HAL_Driver/Src/stm32f3xx_hal_uart_ex.d ./Drivers/STM32F3xx_HAL_Driver/Src/stm32f3xx_hal_uart_ex.o ./Drivers/STM32F3xx_HAL_Driver/Src/stm32f3xx_hal_uart_ex.su
rm -rf ./Core/Startup/startup_stm32f303retx.d ./Core/Startup/startup_stm32f303retx.o
rm -rf ./Core/Src/DCMotor.cyclo ./Core/Src/DCMotor.d ./Core/Src/DCMotor.o ./Core/Src/DCMotor.su ./Core/Src/DriveMotor.cyclo ./Core/Src/DriveMotor.d ./Core/Src/DriveMotor.o ./Core/Src/DriveMotor.su ./Core/Src/Encoder.cyclo ./Core/Src/Encoder.d ./Core/Src/Encoder.o ./Core/Src/Encoder.su ./Core/Src/LED.cyclo ./Core/Src/LED.d ./Core/Src/LED.o ./Core/Src/LED.su ./Core/Src/PID.cyclo ./Core/Src/PID.d ./Core/Src/PID.o ./Core/Src/PID.su ./Core/Src/PWM.cyclo ./Core/Src/PWM.d ./Core/Src/PWM.o ./Core/Src/PWM.su ./Core/Src/Stepper.cyclo ./Core/Src/Stepper.d ./Core/Src/Stepper.o ./Core/Src/Stepper.su ./Core/Src/UART.cyclo ./Core/Src/UART.d ./Core/Src/UART.o ./Core/Src/UART.su ./Core/Src/dma.cyclo ./Core/Src/dma.d ./Core/Src/dma.o ./Core/Src/dma.su ./Core/Src/gpio.cyclo ./Core/Src/gpio.d ./Core/Src/gpio.o ./Core/Src/gpio.su ./Core/Src/main.cyclo ./Core/Src/main.d ./Core/Src/main.o ./Core/Src/main.su ./Core/Src/stm32f3xx_hal_msp.cyclo ./Core/Src/stm32f3xx_hal_msp.d ./Core/Src/stm32f3xx_hal_msp.o ./Core/Src/stm32f3xx_hal_msp.su ./Core/Src/stm32f3xx_it.cyclo ./Core/Src/stm32f3xx_it.d ./Core/Src/stm32f3xx_it.o ./Core/Src/stm32f3xx_it.su ./Core/Src/syscalls.cyclo ./Core/Src/syscalls.d ./Core/Src/syscalls.o ./Core/Src/syscalls.su ./Core/Src/sysmem.cyclo ./Core/Src/sysmem.d ./Core/Src/sysmem.o ./Core/Src/sysmem.su ./Core/Src/system_stm32f3xx.cyclo ./Core/Src/system_stm32f3xx.d ./Core/Src/system_stm32f3xx.o ./Core/Src/system_stm32f3xx.su ./Core/Src/tim.cyclo ./Core/Src/tim.d ./Core/Src/tim.o ./Core/Src/tim.su ./Core/Src/usart.cyclo ./Core/Src/usart.d ./Core/Src/usart.o ./Core/Src/usart.su ./Core/Src/utility.cyclo ./Core/Src/utility.d ./Core/Src/utility.o ./Core/Src/utility.su
rm -rf Proj-5.elf Proj-5.list Proj-5.map default.size.stdout
 
18:36:43 **** Build of configuration Debug for project Proj-5 ****
make -j7 all 
arm-none-eabi-gcc "../Drivers/STM32F3xx_HAL_Driver/Src/stm32f3xx_hal.c" -mcpu=cortex-m4 -std=gnu11 -g3 -DDEBUG -DUSE_HAL_DRIVER -DSTM32F303xE -c -I../Core/Inc -I../Drivers/STM32F3xx_HAL_Driver/Inc -I../Drivers/STM32F3xx_HAL_Driver/Inc/Legacy -I../Drivers/CMSIS/Device/ST/STM32F3xx/Include -I../Drivers/CMSIS/Include -O0 -ffunction-sections -fdata-sections -Wall -fstack-usage -fcyclomatic-complexity -MMD -MP -MF"Drivers/STM32F3xx_HAL_Driver/Src/stm32f3xx_hal.d" -MT"Drivers/STM32F3xx_HAL_Driver/Src/stm32f3xx_hal.o" --specs=nano.specs -mfpu=fpv4-sp-d16 -mfloat-abi=hard -mthumb -o "Drivers/STM32F3xx_HAL_Driver/Src/stm32f3xx_hal.o"
arm-none-eabi-gcc "../Drivers/STM32F3xx_HAL_Driver/Src/stm32f3xx_hal_cortex.c" -mcpu=cortex-m4 -std=gnu11 -g3 -DDEBUG -DUSE_HAL_DRIVER -DSTM32F303xE -c -I../Core/Inc -I../Drivers/STM32F3xx_HAL_Driver/Inc -I../Drivers/STM32F3xx_HAL_Driver/Inc/Legacy -I../Drivers/CMSIS/Device/ST/STM32F3xx/Include -I../Drivers/CMSIS/Include -O0 -ffunction-sections -fdata-sections -Wall -fstack-usage -fcyclomatic-complexity -MMD -MP -MF"Drivers/STM32F3xx_HAL_Driver/Src/stm32f3xx_hal_cortex.d" -MT"Drivers/STM32F3xx_HAL_Driver/Src/stm32f3xx_hal_cortex.o" --specs=nano.specs -mfpu=fpv4-sp-d16 -mfloat-abi=hard -mthumb -o "Drivers/STM32F3xx_HAL_Driver/Src/stm32f3xx_hal_cortex.o"
arm-none-eabi-gcc "../Drivers/STM32F3xx_HAL_Driver/Src/stm32f3xx_hal_dma.c" -mcpu=cortex-m4 -std=gnu11 -g3 -DDEBUG -DUSE_HAL_DRIVER -DSTM32F303xE -c -I../Core/Inc -I../Drivers/STM32F3xx_HAL_Driver/Inc -I../Drivers/STM32F3xx_HAL_Driver/Inc/Legacy -I../Drivers/CMSIS/Device/ST/STM32F3xx/Include -I../Drivers/CMSIS/Include -O0 -ffunction-sections -fdata-sections -Wall -fstack-usage -fcyclomatic-complexity -MMD -MP -MF"Drivers/STM32F3xx_HAL_Driver/Src/stm32f3xx_hal_dma.d" -MT"Drivers/STM32F3xx_HAL_Driver/Src/stm32f3xx_hal_dma.o" --specs=nano.specs -mfpu=fpv4-sp-d16 -mfloat-abi=hard -mthumb -o "Drivers/STM32F3xx_HAL_Driver/Src/stm32f3xx_hal_dma.o"
arm-none-eabi-gcc "../Drivers/STM32F3xx_HAL_Driver/Src/stm32f3xx_hal_exti.c" -mcpu=cortex-m4 -std=gnu11 -g3 -DDEBUG -DUSE_HAL_DRIVER -DSTM32F303xE -c -I../Core/Inc -I../Drivers/STM32F3xx_HAL_Driver/Inc -I../Drivers/STM32F3xx_HAL_Driver/Inc/Legacy -I../Drivers/CMSIS/Device/ST/STM32F3xx/Include -I../Drivers/CMSIS/Include -O0 -ffunction-sections -fdata-sections -Wall -fstack-usage -fcyclomatic-complexity -MMD -MP -MF"Drivers/STM32F3xx_HAL_Driver/Src/stm32f3xx_hal_exti.d" -MT"Drivers/STM32F3xx_HAL_Driver/Src/stm32f3xx_hal_exti.o" --specs=nano.specs -mfpu=fpv4-sp-d16 -mfloat-abi=hard -mthumb -o "Drivers/STM32F3xx_HAL_Driver/Src/stm32f3xx_hal_exti.o"
arm-none-eabi-gcc "../Drivers/STM32F3xx_HAL_Driver/Src/stm32f3xx_hal_flash.c" -mcpu=cortex-m4 -std=gnu11 -g3 -DDEBUG -DUSE_HAL_DRIVER -DSTM32F303xE -c -I../Core/Inc -I../Drivers/STM32F3xx_HAL_Driver/Inc -I../Drivers/STM32F3xx_HAL_Driver/Inc/Legacy -I../Drivers/CMSIS/Device/ST/STM32F3xx/Include -I../Drivers/CMSIS/Include -O0 -ffunction-sections -fdata-sections -Wall -fstack-usage -fcyclomatic-complexity -MMD -MP -MF"Drivers/STM32F3xx_HAL_Driver/Src/stm32f3xx_hal_flash.d" -MT"Drivers/STM32F3xx_HAL_Driver/Src/stm32f3xx_hal_flash.o" --specs=nano.specs -mfpu=fpv4-sp-d16 -mfloat-abi=hard -mthumb -o "Drivers/STM32F3xx_HAL_Driver/Src/stm32f3xx_hal_flash.o"
arm-none-eabi-gcc "../Drivers/STM32F3xx_HAL_Driver/Src/stm32f3xx_hal_flash_ex.c" -mcpu=cortex-m4 -std=gnu11 -g3 -DDEBUG -DUSE_HAL_DRIVER -DSTM32F303xE -c -I../Core/Inc -I../Drivers/STM32F3xx_HAL_Driver/Inc -I../Drivers/STM32F3xx_HAL_Driver/Inc/Legacy -I../Drivers/CMSIS/Device/ST/STM32F3xx/Include -I../Drivers/CMSIS/Include -O0 -ffunction-sections -fdata-sections -Wall -fstack-usage -fcyclomatic-complexity -MMD -MP -MF"Drivers/STM32F3xx_HAL_Driver/Src/stm32f3xx_hal_flash_ex.d" -MT"Drivers/STM32F3xx_HAL_Driver/Src/stm32f3xx_hal_flash_ex.o" --specs=nano.specs -mfpu=fpv4-sp-d16 -mfloat-abi=hard -mthumb -o "Drivers/STM32F3xx_HAL_Driver/Src/stm32f3xx_hal_flash_ex.o"
arm-none-eabi-gcc "../Drivers/STM32F3xx_HAL_Driver/Src/stm32f3xx_hal_gpio.c" -mcpu=cortex-m4 -std=gnu11 -g3 -DDEBUG -DUSE_HAL_DRIVER -DSTM32F303xE -c -I../Core/Inc -I../Drivers/STM32F3xx_HAL_Driver/Inc -I../Drivers/STM32F3xx_HAL_Driver/Inc/Legacy -I../Drivers/CMSIS/Device/ST/STM32F3xx/Include -I../Drivers/CMSIS/Include -O0 -ffunction-sections -fdata-sections -Wall -fstack-usage -fcyclomatic-complexity -MMD -MP -MF"Drivers/STM32F3xx_HAL_Driver/Src/stm32f3xx_hal_gpio.d" -MT"Drivers/STM32F3xx_HAL_Driver/Src/stm32f3xx_hal_gpio.o" --specs=nano.specs -mfpu=fpv4-sp-d16 -mfloat-abi=hard -mthumb -o "Drivers/STM32F3xx_HAL_Driver/Src/stm32f3xx_hal_gpio.o"
arm-none-eabi-gcc "../Drivers/STM32F3xx_HAL_Driver/Src/stm32f3xx_hal_i2c.c" -mcpu=cortex-m4 -std=gnu11 -g3 -DDEBUG -DUSE_HAL_DRIVER -DSTM32F303xE -c -I../Core/Inc -I../Drivers/STM32F3xx_HAL_Driver/Inc -I../Drivers/STM32F3xx_HAL_Driver/Inc/Legacy -I../Drivers/CMSIS/Device/ST/STM32F3xx/Include -I../Drivers/CMSIS/Include -O0 -ffunction-sections -fdata-sections -Wall -fstack-usage -fcyclomatic-complexity -MMD -MP -MF"Drivers/STM32F3xx_HAL_Driver/Src/stm32f3xx_hal_i2c.d" -MT"Drivers/STM32F3xx_HAL_Driver/Src/stm32f3xx_hal_i2c.o" --specs=nano.specs -mfpu=fpv4-sp-d16 -mfloat-abi=hard -mthumb -o "Drivers/STM32F3xx_HAL_Driver/Src/stm32f3xx_hal_i2c.o"
arm-none-eabi-gcc "../Drivers/STM32F3xx_HAL_Driver/Src/stm32f3xx_hal_i2c_ex.c" -mcpu=cortex-m4 -std=gnu11 -g3 -DDEBUG -DUSE_HAL_DRIVER -DSTM32F303xE -c -I../Core/Inc -I../Drivers/STM32F3xx_HAL_Driver/Inc -I../Drivers/STM32F3xx_HAL_Driver/Inc/Legacy -I../Drivers/CMSIS/Device/ST/STM32F3xx/Include -I../Drivers/CMSIS/Include -O0 -ffunction-sections -fdata-sections -Wall -fstack-usage -fcyclomatic-complexity -MMD -MP -MF"Drivers/STM32F3xx_HAL_Driver/Src/stm32f3xx_hal_i2c_ex.d" -MT"Drivers/STM32F3xx_HAL_Driver/Src/stm32f3xx_hal_i2c_ex.o" --specs=nano.specs -mfpu=fpv4-sp-d16 -mfloat-abi=hard -mthumb -o "Drivers/STM32F3xx_HAL_Driver/Src/stm32f3xx_hal_i2c_ex.o"
arm-none-eabi-gcc "../Drivers/STM32F3xx_HAL_Driver/Src/stm32f3xx_hal_pwr.c" -mcpu=cortex-m4 -std=gnu11 -g3 -DDEBUG -DUSE_HAL_DRIVER -DSTM32F303xE -c -I../Core/Inc -I../Drivers/STM32F3xx_HAL_Driver/Inc -I../Drivers/STM32F3xx_HAL_Driver/Inc/Legacy -I../Drivers/CMSIS/Device/ST/STM32F3xx/Include -I../Drivers/CMSIS/Include -O0 -ffunction-sections -fdata-sections -Wall -fstack-usage -fcyclomatic-complexity -MMD -MP -MF"Drivers/STM32F3xx_HAL_Driver/Src/stm32f3xx_hal_pwr.d" -MT"Drivers/STM32F3xx_HAL_Driver/Src/stm32f3xx_hal_pwr.o" --specs=nano.specs -mfpu=fpv4-sp-d16 -mfloat-abi=hard -mthumb -o "Drivers/STM32F3xx_HAL_Driver/Src/stm32f3xx_hal_pwr.o"
arm-none-eabi-gcc "../Drivers/STM32F3xx_HAL_Driver/Src/stm32f3xx_hal_pwr_ex.c" -mcpu=cortex-m4 -std=gnu11 -g3 -DDEBUG -DUSE_HAL_DRIVER -DSTM32F303xE -c -I../Core/Inc -I../Drivers/STM32F3xx_HAL_Driver/Inc -I../Drivers/STM32F3xx_HAL_Driver/Inc/Legacy -I../Drivers/CMSIS/Device/ST/STM32F3xx/Include -I../Drivers/CMSIS/Include -O0 -ffunction-sections -fdata-sections -Wall -fstack-usage -fcyclomatic-complexity -MMD -MP -MF"Drivers/STM32F3xx_HAL_Driver/Src/stm32f3xx_hal_pwr_ex.d" -MT"Drivers/STM32F3xx_HAL_Driver/Src/stm32f3xx_hal_pwr_ex.o" --specs=nano.specs -mfpu=fpv4-sp-d16 -mfloat-abi=hard -mthumb -o "Drivers/STM32F3xx_HAL_Driver/Src/stm32f3xx_hal_pwr_ex.o"
arm-none-eabi-gcc "../Drivers/STM32F3xx_HAL_Driver/Src/stm32f3xx_hal_rcc.c" -mcpu=cortex-m4 -std=gnu11 -g3 -DDEBUG -DUSE_HAL_DRIVER -DSTM32F303xE -c -I../Core/Inc -I../Drivers/STM32F3xx_HAL_Driver/Inc -I../Drivers/STM32F3xx_HAL_Driver/Inc/Legacy -I../Drivers/CMSIS/Device/ST/STM32F3xx/Include -I../Drivers/CMSIS/Include -O0 -ffunction-sections -fdata-sections -Wall -fstack-usage -fcyclomatic-complexity -MMD -MP -MF"Drivers/STM32F3xx_HAL_Driver/Src/stm32f3xx_hal_rcc.d" -MT"Drivers/STM32F3xx_HAL_Driver/Src/stm32f3xx_hal_rcc.o" --specs=nano.specs -mfpu=fpv4-sp-d16 -mfloat-abi=hard -mthumb -o "Drivers/STM32F3xx_HAL_Driver/Src/stm32f3xx_hal_rcc.o"
arm-none-eabi-gcc "../Drivers/STM32F3xx_HAL_Driver/Src/stm32f3xx_hal_rcc_ex.c" -mcpu=cortex-m4 -std=gnu11 -g3 -DDEBUG -DUSE_HAL_DRIVER -DSTM32F303xE -c -I../Core/Inc -I../Drivers/STM32F3xx_HAL_Driver/Inc -I../Drivers/STM32F3xx_HAL_Driver/Inc/Legacy -I../Drivers/CMSIS/Device/ST/STM32F3xx/Include -I../Drivers/CMSIS/Include -O0 -ffunction-sections -fdata-sections -Wall -fstack-usage -fcyclomatic-complexity -MMD -MP -MF"Drivers/STM32F3xx_HAL_Driver/Src/stm32f3xx_hal_rcc_ex.d" -MT"Drivers/STM32F3xx_HAL_Driver/Src/stm32f3xx_hal_rcc_ex.o" --specs=nano.specs -mfpu=fpv4-sp-d16 -mfloat-abi=hard -mthumb -o "Drivers/STM32F3xx_HAL_Driver/Src/stm32f3xx_hal_rcc_ex.o"
arm-none-eabi-gcc "../Drivers/STM32F3xx_HAL_Driver/Src/stm32f3xx_hal_tim.c" -mcpu=cortex-m4 -std=gnu11 -g3 -DDEBUG -DUSE_HAL_DRIVER -DSTM32F303xE -c -I../Core/Inc -I../Drivers/STM32F3xx_HAL_Driver/Inc -I../Drivers/STM32F3xx_HAL_Driver/Inc/Legacy -I../Drivers/CMSIS/Device/ST/STM32F3xx/Include -I../Drivers/CMSIS/Include -O0 -ffunction-sections -fdata-sections -Wall -fstack-usage -fcyclomatic-complexity -MMD -MP -MF"Drivers/STM32F3xx_HAL_Driver/Src/stm32f3xx_hal_tim.d" -MT"Drivers/STM32F3xx_HAL_Driver/Src/stm32f3xx_hal_tim.o" --specs=nano.specs -mfpu=fpv4-sp-d16 -mfloat-abi=hard -mthumb -o "Drivers/STM32F3xx_HAL_Driver/Src/stm32f3xx_hal_tim.o"
arm-none-eabi-gcc "../Drivers/STM32F3xx_HAL_Driver/Src/stm32f3xx_hal_tim_ex.c" -mcpu=cortex-m4 -std=gnu11 -g3 -DDEBUG -DUSE_HAL_DRIVER -DSTM32F303xE -c -I../Core/Inc -I../Drivers/STM32F3xx_HAL_Driver/Inc -I../Drivers/STM32F3xx_HAL_Driver/Inc/Legacy -I../Drivers/CMSIS/Device/ST/STM32F3xx/Include -I../Drivers/CMSIS/Include -O0 -ffunction-sections -fdata-sections -Wall -fstack-usage -fcyclomatic-complexity -MMD -MP -MF"Drivers/STM32F3xx_HAL_Driver/Src/stm32f3xx_hal_tim_ex.d" -MT"Drivers/STM32F3xx_HAL_Driver/Src/stm32f3xx_hal_tim_ex.o" --specs=nano.specs -mfpu=fpv4-sp-d16 -mfloat-abi=hard -mthumb -o "Drivers/STM32F3xx_HAL_Driver/Src/stm32f3xx_hal_tim_ex.o"
arm-none-eabi-gcc "../Drivers/STM32F3xx_HAL_Driver/Src/stm32f3xx_hal_uart.c" -mcpu=cortex-m4 -std=gnu11 -g3 -DDEBUG -DUSE_HAL_DRIVER -DSTM32F303xE -c -I../Core/Inc -I../Drivers/STM32F3xx_HAL_Driver/Inc -I../Drivers/STM32F3xx_HAL_Driver/Inc/Legacy -I../Drivers/CMSIS/Device/ST/STM32F3xx/Include -I../Drivers/CMSIS/Include -O0 -ffunction-sections -fdata-sections -Wall -fstack-usage -fcyclomatic-complexity -MMD -MP -MF"Drivers/STM32F3xx_HAL_Driver/Src/stm32f3xx_hal_uart.d" -MT"Drivers/STM32F3xx_HAL_Driver/Src/stm32f3xx_hal_uart.o" --specs=nano.specs -mfpu=fpv4-sp-d16 -mfloat-abi=hard -mthumb -o "Drivers/STM32F3xx_HAL_Driver/Src/stm32f3xx_hal_uart.o"
arm-none-eabi-gcc "../Drivers/STM32F3xx_HAL_Driver/Src/stm32f3xx_hal_uart_ex.c" -mcpu=cortex-m4 -std=gnu11 -g3 -DDEBUG -DUSE_HAL_DRIVER -DSTM32F303xE -c -I../Core/Inc -I../Drivers/STM32F3xx_HAL_Driver/Inc -I../Drivers/STM32F3xx_HAL_Driver/Inc/Legacy -I../Drivers/CMSIS/Device/ST/STM32F3xx/Include -I../Drivers/CMSIS/Include -O0 -ffunction-sections -fdata-sections -Wall -fstack-usage -fcyclomatic-complexity -MMD -MP -MF"Drivers/STM32F3xx_HAL_Driver/Src/stm32f3xx_hal_uart_ex.d" -MT"Drivers/STM32F3xx_HAL_Driver/Src/stm32f3xx_hal_uart_ex.o" --specs=nano.specs -mfpu=fpv4-sp-d16 -mfloat-abi=hard -mthumb -o "Drivers/STM32F3xx_HAL_Driver/Src/stm32f3xx_hal_uart_ex.o"
arm-none-eabi-gcc -mcpu=cortex-m4 -g3 -DDEBUG -c -x assembler-with-cpp -MMD -MP -MF"Core/Startup/startup_stm32f303retx.d" -MT"Core/Startup/startup_stm32f303retx.o" --specs=nano.specs -mfpu=fpv4-sp-d16 -mfloat-abi=hard -mthumb -o "Core/Startup/startup_stm32f303retx.o" "../Core/Startup/startup_stm32f303retx.s"
arm-none-eabi-gcc "../Core/Src/DCMotor.c" -mcpu=cortex-m4 -std=gnu11 -g3 -DDEBUG -DUSE_HAL_DRIVER -DSTM32F303xE -c -I../Core/Inc -I../Drivers/STM32F3xx_HAL_Driver/Inc -I../Drivers/STM32F3xx_HAL_Driver/Inc/Legacy -I../Drivers/CMSIS/Device/ST/STM32F3xx/Include -I../Drivers/CMSIS/Include -O0 -ffunction-sections -fdata-sections -Wall -fstack-usage -fcyclomatic-complexity -MMD -MP -MF"Core/Src/DCMotor.d" -MT"Core/Src/DCMotor.o" --specs=nano.specs -mfpu=fpv4-sp-d16 -mfloat-abi=hard -mthumb -o "Core/Src/DCMotor.o"
arm-none-eabi-gcc "../Core/Src/DriveMotor.c" -mcpu=cortex-m4 -std=gnu11 -g3 -DDEBUG -DUSE_HAL_DRIVER -DSTM32F303xE -c -I../Core/Inc -I../Drivers/STM32F3xx_HAL_Driver/Inc -I../Drivers/STM32F3xx_HAL_Driver/Inc/Legacy -I../Drivers/CMSIS/Device/ST/STM32F3xx/Include -I../Drivers/CMSIS/Include -O0 -ffunction-sections -fdata-sections -Wall -fstack-usage -fcyclomatic-complexity -MMD -MP -MF"Core/Src/DriveMotor.d" -MT"Core/Src/DriveMotor.o" --specs=nano.specs -mfpu=fpv4-sp-d16 -mfloat-abi=hard -mthumb -o "Core/Src/DriveMotor.o"
../Core/Src/DCMotor.c: In function 'DCMotor_Init':
../Core/Src/DCMotor.c:62:5: warning: implicit declaration of function 'configure_pwm_channel' [-Wimplicit-function-declaration]
   62 |     configure_pwm_channel(TIM8, TIM_CCMR1_OC1M_Msk, TIM_CCR1, TIM_CCER_CC1NE, TIM_CCER_CC1NP);
      |     ^~~~~~~~~~~~~~~~~~~~~
../Core/Src/DCMotor.c:62:53: error: 'TIM_CCR1' undeclared (first use in this function)
   62 |     configure_pwm_channel(TIM8, TIM_CCMR1_OC1M_Msk, TIM_CCR1, TIM_CCER_CC1NE, TIM_CCER_CC1NP);
      |                                                     ^~~~~~~~
../Core/Src/DCMotor.c:62:53: note: each undeclared identifier is reported only once for each function it appears in
../Core/Src/DCMotor.c:63:53: error: 'TIM_CCR2' undeclared (first use in this function)
   63 |     configure_pwm_channel(TIM8, TIM_CCMR1_OC2M_Msk, TIM_CCR2, TIM_CCER_CC2NE, TIM_CCER_CC2NP);
      |                                                     ^~~~~~~~
../Core/Src/DCMotor.c: At top level:
../Core/Src/DCMotor.c:70:6: warning: conflicting types for 'configure_pwm_channel'; have 'void(TIM_TypeDef *, uint32_t,  volatile uint32_t *, uint32_t,  uint32_t)' {aka 'void(TIM_TypeDef *, long unsigned int,  volatile long unsigned int *, long unsigned int,  long unsigned int)'}
   70 | void configure_pwm_channel(TIM_TypeDef* TIM, uint32_t CCMR_OCM_Mask, volatile uint32_t *CCR, uint32_t CCER_CCE, uint32_t CCER_CCP){
      |      ^~~~~~~~~~~~~~~~~~~~~
../Core/Src/DCMotor.c:62:5: note: previous implicit declaration of 'configure_pwm_channel' with type 'void(TIM_TypeDef *, uint32_t,  volatile uint32_t *, uint32_t,  uint32_t)' {aka 'void(TIM_TypeDef *, long unsigned int,  volatile long unsigned int *, long unsigned int,  long unsigned int)'}
   62 |     configure_pwm_channel(TIM8, TIM_CCMR1_OC1M_Msk, TIM_CCR1, TIM_CCER_CC1NE, TIM_CCER_CC1NP);
      |     ^~~~~~~~~~~~~~~~~~~~~
In file included from ../Core/Src/DriveMotor.c:7:
../Core/Src/DriveMotor.c: In function 'DriveMotor_Init':
../Core/Src/DriveMotor.c:57:41: warning: left shift count >= width of type [-Wshift-count-overflow]
   57 |         SET_BITS (GPIOC->AFR[0], 0x03UL << (4*10));
      |                                         ^~
../Core/Inc/Utility.h:21:42: note: in definition of macro 'SET_BITS'
   21 | #define SET_BITS(port, bits) ((port) |= (bits))
      |                                          ^~~~
../Core/Src/DriveMotor.c:58:41: warning: left shift count >= width of type [-Wshift-count-overflow]
   58 |         SET_BITS (GPIOC->AFR[0], 0x03UL << (4*11));
      |                                         ^~
../Core/Inc/Utility.h:21:42: note: in definition of macro 'SET_BITS'
   21 | #define SET_BITS(port, bits) ((port) |= (bits))
      |                                          ^~~~
../Core/Src/DCMotor.c: In function 'DCMotor_SetDir':
../Core/Src/DCMotor.c:96:9: warning: implicit declaration of function 'Delay_ms'; did you mean 'delay_ms'? [-Wimplicit-function-declaration]
   96 |         Delay_ms(5);
      |         ^~~~~~~~
      |         delay_ms
make: *** [Core/Src/subdir.mk:73: Core/Src/DCMotor.o] Error 1
make: *** Waiting for unfinished jobs....
"make -j7 all" terminated with exit code 2. Build might be incomplete.
18:41:01 **** Incremental Build of configuration Debug for project Proj-5 ****
make -j7 all 
arm-none-eabi-gcc "../Core/Src/DCMotor.c" -mcpu=cortex-m4 -std=gnu11 -g3 -DDEBUG -DUSE_HAL_DRIVER -DSTM32F303xE -c -I../Core/Inc -I../Drivers/STM32F3xx_HAL_Driver/Inc -I../Drivers/STM32F3xx_HAL_Driver/Inc/Legacy -I../Drivers/CMSIS/Device/ST/STM32F3xx/Include -I../Drivers/CMSIS/Include -O0 -ffunction-sections -fdata-sections -Wall -fstack-usage -fcyclomatic-complexity -MMD -MP -MF"Core/Src/DCMotor.d" -MT"Core/Src/DCMotor.o" --specs=nano.specs -mfpu=fpv4-sp-d16 -mfloat-abi=hard -mthumb -o "Core/Src/DCMotor.o"
arm-none-eabi-gcc "../Core/Src/Encoder.c" -mcpu=cortex-m4 -std=gnu11 -g3 -DDEBUG -DUSE_HAL_DRIVER -DSTM32F303xE -c -I../Core/Inc -I../Drivers/STM32F3xx_HAL_Driver/Inc -I../Drivers/STM32F3xx_HAL_Driver/Inc/Legacy -I../Drivers/CMSIS/Device/ST/STM32F3xx/Include -I../Drivers/CMSIS/Include -O0 -ffunction-sections -fdata-sections -Wall -fstack-usage -fcyclomatic-complexity -MMD -MP -MF"Core/Src/Encoder.d" -MT"Core/Src/Encoder.o" --specs=nano.specs -mfpu=fpv4-sp-d16 -mfloat-abi=hard -mthumb -o "Core/Src/Encoder.o"
arm-none-eabi-gcc "../Core/Src/LED.c" -mcpu=cortex-m4 -std=gnu11 -g3 -DDEBUG -DUSE_HAL_DRIVER -DSTM32F303xE -c -I../Core/Inc -I../Drivers/STM32F3xx_HAL_Driver/Inc -I../Drivers/STM32F3xx_HAL_Driver/Inc/Legacy -I../Drivers/CMSIS/Device/ST/STM32F3xx/Include -I../Drivers/CMSIS/Include -O0 -ffunction-sections -fdata-sections -Wall -fstack-usage -fcyclomatic-complexity -MMD -MP -MF"Core/Src/LED.d" -MT"Core/Src/LED.o" --specs=nano.specs -mfpu=fpv4-sp-d16 -mfloat-abi=hard -mthumb -o "Core/Src/LED.o"
arm-none-eabi-gcc "../Core/Src/PID.c" -mcpu=cortex-m4 -std=gnu11 -g3 -DDEBUG -DUSE_HAL_DRIVER -DSTM32F303xE -c -I../Core/Inc -I../Drivers/STM32F3xx_HAL_Driver/Inc -I../Drivers/STM32F3xx_HAL_Driver/Inc/Legacy -I../Drivers/CMSIS/Device/ST/STM32F3xx/Include -I../Drivers/CMSIS/Include -O0 -ffunction-sections -fdata-sections -Wall -fstack-usage -fcyclomatic-complexity -MMD -MP -MF"Core/Src/PID.d" -MT"Core/Src/PID.o" --specs=nano.specs -mfpu=fpv4-sp-d16 -mfloat-abi=hard -mthumb -o "Core/Src/PID.o"
arm-none-eabi-gcc "../Core/Src/PWM.c" -mcpu=cortex-m4 -std=gnu11 -g3 -DDEBUG -DUSE_HAL_DRIVER -DSTM32F303xE -c -I../Core/Inc -I../Drivers/STM32F3xx_HAL_Driver/Inc -I../Drivers/STM32F3xx_HAL_Driver/Inc/Legacy -I../Drivers/CMSIS/Device/ST/STM32F3xx/Include -I../Drivers/CMSIS/Include -O0 -ffunction-sections -fdata-sections -Wall -fstack-usage -fcyclomatic-complexity -MMD -MP -MF"Core/Src/PWM.d" -MT"Core/Src/PWM.o" --specs=nano.specs -mfpu=fpv4-sp-d16 -mfloat-abi=hard -mthumb -o "Core/Src/PWM.o"
arm-none-eabi-gcc "../Core/Src/Stepper.c" -mcpu=cortex-m4 -std=gnu11 -g3 -DDEBUG -DUSE_HAL_DRIVER -DSTM32F303xE -c -I../Core/Inc -I../Drivers/STM32F3xx_HAL_Driver/Inc -I../Drivers/STM32F3xx_HAL_Driver/Inc/Legacy -I../Drivers/CMSIS/Device/ST/STM32F3xx/Include -I../Drivers/CMSIS/Include -O0 -ffunction-sections -fdata-sections -Wall -fstack-usage -fcyclomatic-complexity -MMD -MP -MF"Core/Src/Stepper.d" -MT"Core/Src/Stepper.o" --specs=nano.specs -mfpu=fpv4-sp-d16 -mfloat-abi=hard -mthumb -o "Core/Src/Stepper.o"
arm-none-eabi-gcc "../Core/Src/UART.c" -mcpu=cortex-m4 -std=gnu11 -g3 -DDEBUG -DUSE_HAL_DRIVER -DSTM32F303xE -c -I../Core/Inc -I../Drivers/STM32F3xx_HAL_Driver/Inc -I../Drivers/STM32F3xx_HAL_Driver/Inc/Legacy -I../Drivers/CMSIS/Device/ST/STM32F3xx/Include -I../Drivers/CMSIS/Include -O0 -ffunction-sections -fdata-sections -Wall -fstack-usage -fcyclomatic-complexity -MMD -MP -MF"Core/Src/UART.d" -MT"Core/Src/UART.o" --specs=nano.specs -mfpu=fpv4-sp-d16 -mfloat-abi=hard -mthumb -o "Core/Src/UART.o"
../Core/Src/PWM.c: In function 'AngleToCount':
../Core/Src/PWM.c:53:25: warning: unsigned conversion from 'int' to 'uint8_t' {aka 'unsigned char'} changes value from '-8500' to '204' [-Woverflow]
   53 |                 angle = -8500;
      |                         ^
../Core/Src/PWM.c:56:25: warning: unsigned conversion from 'int' to 'uint8_t' {aka 'unsigned char'} changes value from '8500' to '52' [-Woverflow]
   56 |                 angle = 8500;
      |                         ^~~~
../Core/Src/UART.c: In function 'UART2_Init':
../Core/Src/UART.c:114:32: warning: multi-line comment [-Wcomment]
  114 | USART2 -> CR1 |= USART_CR1_UE; // REF MANUAL + STM32F303XE.h\
      |                                ^
../Core/Src/DCMotor.c: In function 'DCMotor_Init':
../Core/Src/DCMotor.c:62:5: warning: implicit declaration of function 'configure_pwm_channel' [-Wimplicit-function-declaration]
   62 |     configure_pwm_channel(TIM8, TIM_CCMR1_OC1M_Msk, TIM_CCR1, TIM_CCER_CC1NE, TIM_CCER_CC1NP);
      |     ^~~~~~~~~~~~~~~~~~~~~
../Core/Src/DCMotor.c:62:53: error: 'TIM_CCR1' undeclared (first use in this function)
   62 |     configure_pwm_channel(TIM8, TIM_CCMR1_OC1M_Msk, TIM_CCR1, TIM_CCER_CC1NE, TIM_CCER_CC1NP);
      |                                                     ^~~~~~~~
../Core/Src/DCMotor.c:62:53: note: each undeclared identifier is reported only once for each function it appears in
../Core/Src/DCMotor.c:63:53: error: 'TIM_CCR2' undeclared (first use in this function)
   63 |     configure_pwm_channel(TIM8, TIM_CCMR1_OC2M_Msk, TIM_CCR2, TIM_CCER_CC2NE, TIM_CCER_CC2NP);
      |                                                     ^~~~~~~~
In file included from ../Core/Inc/DCMotor.h:4,
                 from ../Core/Src/DCMotor.c:1:
../Drivers/CMSIS/Device/ST/STM32F3xx/Include/stm32f303xe.h:13168:35: warning: statement with no effect [-Wunused-value]
13168 | #define TIM_CCMR1_OC2M_Msk        (0x1007UL << TIM_CCMR1_OC2M_Pos)              /*!< 0x01007000 */
      |                                   ^
../Core/Src/DCMotor.c:64:5: note: in expansion of macro 'TIM_CCMR1_OC2M_Msk'
   64 |     TIM_CCMR1_OC2M_Msk
      |     ^~~~~~~~~~~~~~~~~~
../Core/Src/DCMotor.c:66:9: error: expected ';' before 'configure_pwm_channel'
   66 |         configure_pwm_channel(TIM8, TIM_CCMR1_OC1M_Msk, TIM_CCR1, TIM_CCER_CC1NE, TIM_CCER_CC1NP);
      |         ^~~~~~~~~~~~~~~~~~~~~
../Core/Src/DCMotor.c: At top level:
../Core/Src/DCMotor.c:73:6: warning: conflicting types for 'configure_pwm_channel'; have 'void(TIM_TypeDef *, uint32_t,  volatile uint32_t *, uint32_t,  uint32_t)' {aka 'void(TIM_TypeDef *, long unsigned int,  volatile long unsigned int *, long unsigned int,  long unsigned int)'}
   73 | void configure_pwm_channel(TIM_TypeDef* TIM, uint32_t CCMR_OCM_Mask, volatile uint32_t *CCR, uint32_t CCER_CCE, uint32_t CCER_CCP){
      |      ^~~~~~~~~~~~~~~~~~~~~
../Core/Src/DCMotor.c:62:5: note: previous implicit declaration of 'configure_pwm_channel' with type 'void(TIM_TypeDef *, uint32_t,  volatile uint32_t *, uint32_t,  uint32_t)' {aka 'void(TIM_TypeDef *, long unsigned int,  volatile long unsigned int *, long unsigned int,  long unsigned int)'}
   62 |     configure_pwm_channel(TIM8, TIM_CCMR1_OC1M_Msk, TIM_CCR1, TIM_CCER_CC1NE, TIM_CCER_CC1NP);
      |     ^~~~~~~~~~~~~~~~~~~~~
../Core/Src/DCMotor.c: In function 'DCMotor_SetDir':
../Core/Src/DCMotor.c:99:9: warning: implicit declaration of function 'Delay_ms'; did you mean 'delay_ms'? [-Wimplicit-function-declaration]
   99 |         Delay_ms(5);
      |         ^~~~~~~~
      |         delay_ms
make: *** [Core/Src/subdir.mk:73: Core/Src/DCMotor.o] Error 1
make: *** Waiting for unfinished jobs....
"make -j7 all" terminated with exit code 2. Build might be incomplete.
18:41:23 **** Incremental Build of configuration Debug for project Proj-5 ****
make -j7 all 
arm-none-eabi-gcc "../Core/Src/DCMotor.c" -mcpu=cortex-m4 -std=gnu11 -g3 -DDEBUG -DUSE_HAL_DRIVER -DSTM32F303xE -c -I../Core/Inc -I../Drivers/STM32F3xx_HAL_Driver/Inc -I../Drivers/STM32F3xx_HAL_Driver/Inc/Legacy -I../Drivers/CMSIS/Device/ST/STM32F3xx/Include -I../Drivers/CMSIS/Include -O0 -ffunction-sections -fdata-sections -Wall -fstack-usage -fcyclomatic-complexity -MMD -MP -MF"Core/Src/DCMotor.d" -MT"Core/Src/DCMotor.o" --specs=nano.specs -mfpu=fpv4-sp-d16 -mfloat-abi=hard -mthumb -o "Core/Src/DCMotor.o"
arm-none-eabi-gcc "../Core/Src/dma.c" -mcpu=cortex-m4 -std=gnu11 -g3 -DDEBUG -DUSE_HAL_DRIVER -DSTM32F303xE -c -I../Core/Inc -I../Drivers/STM32F3xx_HAL_Driver/Inc -I../Drivers/STM32F3xx_HAL_Driver/Inc/Legacy -I../Drivers/CMSIS/Device/ST/STM32F3xx/Include -I../Drivers/CMSIS/Include -O0 -ffunction-sections -fdata-sections -Wall -fstack-usage -fcyclomatic-complexity -MMD -MP -MF"Core/Src/dma.d" -MT"Core/Src/dma.o" --specs=nano.specs -mfpu=fpv4-sp-d16 -mfloat-abi=hard -mthumb -o "Core/Src/dma.o"
arm-none-eabi-gcc "../Core/Src/gpio.c" -mcpu=cortex-m4 -std=gnu11 -g3 -DDEBUG -DUSE_HAL_DRIVER -DSTM32F303xE -c -I../Core/Inc -I../Drivers/STM32F3xx_HAL_Driver/Inc -I../Drivers/STM32F3xx_HAL_Driver/Inc/Legacy -I../Drivers/CMSIS/Device/ST/STM32F3xx/Include -I../Drivers/CMSIS/Include -O0 -ffunction-sections -fdata-sections -Wall -fstack-usage -fcyclomatic-complexity -MMD -MP -MF"Core/Src/gpio.d" -MT"Core/Src/gpio.o" --specs=nano.specs -mfpu=fpv4-sp-d16 -mfloat-abi=hard -mthumb -o "Core/Src/gpio.o"
arm-none-eabi-gcc "../Core/Src/main.c" -mcpu=cortex-m4 -std=gnu11 -g3 -DDEBUG -DUSE_HAL_DRIVER -DSTM32F303xE -c -I../Core/Inc -I../Drivers/STM32F3xx_HAL_Driver/Inc -I../Drivers/STM32F3xx_HAL_Driver/Inc/Legacy -I../Drivers/CMSIS/Device/ST/STM32F3xx/Include -I../Drivers/CMSIS/Include -O0 -ffunction-sections -fdata-sections -Wall -fstack-usage -fcyclomatic-complexity -MMD -MP -MF"Core/Src/main.d" -MT"Core/Src/main.o" --specs=nano.specs -mfpu=fpv4-sp-d16 -mfloat-abi=hard -mthumb -o "Core/Src/main.o"
arm-none-eabi-gcc "../Core/Src/stm32f3xx_hal_msp.c" -mcpu=cortex-m4 -std=gnu11 -g3 -DDEBUG -DUSE_HAL_DRIVER -DSTM32F303xE -c -I../Core/Inc -I../Drivers/STM32F3xx_HAL_Driver/Inc -I../Drivers/STM32F3xx_HAL_Driver/Inc/Legacy -I../Drivers/CMSIS/Device/ST/STM32F3xx/Include -I../Drivers/CMSIS/Include -O0 -ffunction-sections -fdata-sections -Wall -fstack-usage -fcyclomatic-complexity -MMD -MP -MF"Core/Src/stm32f3xx_hal_msp.d" -MT"Core/Src/stm32f3xx_hal_msp.o" --specs=nano.specs -mfpu=fpv4-sp-d16 -mfloat-abi=hard -mthumb -o "Core/Src/stm32f3xx_hal_msp.o"
arm-none-eabi-gcc "../Core/Src/stm32f3xx_it.c" -mcpu=cortex-m4 -std=gnu11 -g3 -DDEBUG -DUSE_HAL_DRIVER -DSTM32F303xE -c -I../Core/Inc -I../Drivers/STM32F3xx_HAL_Driver/Inc -I../Drivers/STM32F3xx_HAL_Driver/Inc/Legacy -I../Drivers/CMSIS/Device/ST/STM32F3xx/Include -I../Drivers/CMSIS/Include -O0 -ffunction-sections -fdata-sections -Wall -fstack-usage -fcyclomatic-complexity -MMD -MP -MF"Core/Src/stm32f3xx_it.d" -MT"Core/Src/stm32f3xx_it.o" --specs=nano.specs -mfpu=fpv4-sp-d16 -mfloat-abi=hard -mthumb -o "Core/Src/stm32f3xx_it.o"
arm-none-eabi-gcc "../Core/Src/syscalls.c" -mcpu=cortex-m4 -std=gnu11 -g3 -DDEBUG -DUSE_HAL_DRIVER -DSTM32F303xE -c -I../Core/Inc -I../Drivers/STM32F3xx_HAL_Driver/Inc -I../Drivers/STM32F3xx_HAL_Driver/Inc/Legacy -I../Drivers/CMSIS/Device/ST/STM32F3xx/Include -I../Drivers/CMSIS/Include -O0 -ffunction-sections -fdata-sections -Wall -fstack-usage -fcyclomatic-complexity -MMD -MP -MF"Core/Src/syscalls.d" -MT"Core/Src/syscalls.o" --specs=nano.specs -mfpu=fpv4-sp-d16 -mfloat-abi=hard -mthumb -o "Core/Src/syscalls.o"
../Core/Src/DCMotor.c: In function 'DCMotor_Init':
../Core/Src/DCMotor.c:62:5: warning: implicit declaration of function 'configure_pwm_channel' [-Wimplicit-function-declaration]
   62 |     configure_pwm_channel(TIM8, TIM_CCMR1_OC1M_Msk, TIM_CCR1, TIM_CCER_CC1NE, TIM_CCER_CC1NP);
      |     ^~~~~~~~~~~~~~~~~~~~~
../Core/Src/DCMotor.c:62:53: error: 'TIM_CCR1' undeclared (first use in this function)
   62 |     configure_pwm_channel(TIM8, TIM_CCMR1_OC1M_Msk, TIM_CCR1, TIM_CCER_CC1NE, TIM_CCER_CC1NP);
      |                                                     ^~~~~~~~
../Core/Src/DCMotor.c:62:53: note: each undeclared identifier is reported only once for each function it appears in
../Core/Src/DCMotor.c:63:53: error: 'TIM_CCR2' undeclared (first use in this function)
   63 |     configure_pwm_channel(TIM8, TIM_CCMR1_OC2M_Msk, TIM_CCR2, TIM_CCER_CC2NE, TIM_CCER_CC2NP);
      |                                                     ^~~~~~~~
In file included from ../Core/Inc/DCMotor.h:4,
                 from ../Core/Src/DCMotor.c:1:
../Drivers/CMSIS/Device/ST/STM32F3xx/Include/stm32f303xe.h:13168:35: warning: statement with no effect [-Wunused-value]
13168 | #define TIM_CCMR1_OC2M_Msk        (0x1007UL << TIM_CCMR1_OC2M_Pos)              /*!< 0x01007000 */
      |                                   ^
../Core/Src/DCMotor.c:64:5: note: in expansion of macro 'TIM_CCMR1_OC2M_Msk'
   64 |     TIM_CCMR1_OC2M_Msk
      |     ^~~~~~~~~~~~~~~~~~
../Core/Src/DCMotor.c:66:9: error: expected ';' before 'configure_pwm_channel'
   66 |         configure_pwm_channel(TIM8, TIM_CCMR1_OC2M_Msk, TIM_CCR1, TIM_CCER_CC1NE, TIM_CCER_CC1NP);
      |         ^~~~~~~~~~~~~~~~~~~~~
../Core/Src/DCMotor.c: At top level:
../Core/Src/DCMotor.c:73:6: warning: conflicting types for 'configure_pwm_channel'; have 'void(TIM_TypeDef *, uint32_t,  volatile uint32_t *, uint32_t,  uint32_t)' {aka 'void(TIM_TypeDef *, long unsigned int,  volatile long unsigned int *, long unsigned int,  long unsigned int)'}
   73 | void configure_pwm_channel(TIM_TypeDef* TIM, uint32_t CCMR_OCM_Mask, volatile uint32_t *CCR, uint32_t CCER_CCE, uint32_t CCER_CCP){
      |      ^~~~~~~~~~~~~~~~~~~~~
../Core/Src/DCMotor.c:62:5: note: previous implicit declaration of 'configure_pwm_channel' with type 'void(TIM_TypeDef *, uint32_t,  volatile uint32_t *, uint32_t,  uint32_t)' {aka 'void(TIM_TypeDef *, long unsigned int,  volatile long unsigned int *, long unsigned int,  long unsigned int)'}
   62 |     configure_pwm_channel(TIM8, TIM_CCMR1_OC1M_Msk, TIM_CCR1, TIM_CCER_CC1NE, TIM_CCER_CC1NP);
      |     ^~~~~~~~~~~~~~~~~~~~~
../Core/Src/DCMotor.c: In function 'DCMotor_SetDir':
../Core/Src/DCMotor.c:99:9: warning: implicit declaration of function 'Delay_ms'; did you mean 'delay_ms'? [-Wimplicit-function-declaration]
   99 |         Delay_ms(5);
      |         ^~~~~~~~
      |         delay_ms
make: *** [Core/Src/subdir.mk:73: Core/Src/DCMotor.o] Error 1
make: *** Waiting for unfinished jobs....
"make -j7 all" terminated with exit code 2. Build might be incomplete.
18:41:32 **** Incremental Build of configuration Debug for project Proj-5 ****
make -j7 all 
arm-none-eabi-gcc "../Core/Src/DCMotor.c" -mcpu=cortex-m4 -std=gnu11 -g3 -DDEBUG -DUSE_HAL_DRIVER -DSTM32F303xE -c -I../Core/Inc -I../Drivers/STM32F3xx_HAL_Driver/Inc -I../Drivers/STM32F3xx_HAL_Driver/Inc/Legacy -I../Drivers/CMSIS/Device/ST/STM32F3xx/Include -I../Drivers/CMSIS/Include -O0 -ffunction-sections -fdata-sections -Wall -fstack-usage -fcyclomatic-complexity -MMD -MP -MF"Core/Src/DCMotor.d" -MT"Core/Src/DCMotor.o" --specs=nano.specs -mfpu=fpv4-sp-d16 -mfloat-abi=hard -mthumb -o "Core/Src/DCMotor.o"
arm-none-eabi-gcc "../Core/Src/sysmem.c" -mcpu=cortex-m4 -std=gnu11 -g3 -DDEBUG -DUSE_HAL_DRIVER -DSTM32F303xE -c -I../Core/Inc -I../Drivers/STM32F3xx_HAL_Driver/Inc -I../Drivers/STM32F3xx_HAL_Driver/Inc/Legacy -I../Drivers/CMSIS/Device/ST/STM32F3xx/Include -I../Drivers/CMSIS/Include -O0 -ffunction-sections -fdata-sections -Wall -fstack-usage -fcyclomatic-complexity -MMD -MP -MF"Core/Src/sysmem.d" -MT"Core/Src/sysmem.o" --specs=nano.specs -mfpu=fpv4-sp-d16 -mfloat-abi=hard -mthumb -o "Core/Src/sysmem.o"
arm-none-eabi-gcc "../Core/Src/system_stm32f3xx.c" -mcpu=cortex-m4 -std=gnu11 -g3 -DDEBUG -DUSE_HAL_DRIVER -DSTM32F303xE -c -I../Core/Inc -I../Drivers/STM32F3xx_HAL_Driver/Inc -I../Drivers/STM32F3xx_HAL_Driver/Inc/Legacy -I../Drivers/CMSIS/Device/ST/STM32F3xx/Include -I../Drivers/CMSIS/Include -O0 -ffunction-sections -fdata-sections -Wall -fstack-usage -fcyclomatic-complexity -MMD -MP -MF"Core/Src/system_stm32f3xx.d" -MT"Core/Src/system_stm32f3xx.o" --specs=nano.specs -mfpu=fpv4-sp-d16 -mfloat-abi=hard -mthumb -o "Core/Src/system_stm32f3xx.o"
arm-none-eabi-gcc "../Core/Src/tim.c" -mcpu=cortex-m4 -std=gnu11 -g3 -DDEBUG -DUSE_HAL_DRIVER -DSTM32F303xE -c -I../Core/Inc -I../Drivers/STM32F3xx_HAL_Driver/Inc -I../Drivers/STM32F3xx_HAL_Driver/Inc/Legacy -I../Drivers/CMSIS/Device/ST/STM32F3xx/Include -I../Drivers/CMSIS/Include -O0 -ffunction-sections -fdata-sections -Wall -fstack-usage -fcyclomatic-complexity -MMD -MP -MF"Core/Src/tim.d" -MT"Core/Src/tim.o" --specs=nano.specs -mfpu=fpv4-sp-d16 -mfloat-abi=hard -mthumb -o "Core/Src/tim.o"
arm-none-eabi-gcc "../Core/Src/usart.c" -mcpu=cortex-m4 -std=gnu11 -g3 -DDEBUG -DUSE_HAL_DRIVER -DSTM32F303xE -c -I../Core/Inc -I../Drivers/STM32F3xx_HAL_Driver/Inc -I../Drivers/STM32F3xx_HAL_Driver/Inc/Legacy -I../Drivers/CMSIS/Device/ST/STM32F3xx/Include -I../Drivers/CMSIS/Include -O0 -ffunction-sections -fdata-sections -Wall -fstack-usage -fcyclomatic-complexity -MMD -MP -MF"Core/Src/usart.d" -MT"Core/Src/usart.o" --specs=nano.specs -mfpu=fpv4-sp-d16 -mfloat-abi=hard -mthumb -o "Core/Src/usart.o"
arm-none-eabi-gcc "../Core/Src/utility.c" -mcpu=cortex-m4 -std=gnu11 -g3 -DDEBUG -DUSE_HAL_DRIVER -DSTM32F303xE -c -I../Core/Inc -I../Drivers/STM32F3xx_HAL_Driver/Inc -I../Drivers/STM32F3xx_HAL_Driver/Inc/Legacy -I../Drivers/CMSIS/Device/ST/STM32F3xx/Include -I../Drivers/CMSIS/Include -O0 -ffunction-sections -fdata-sections -Wall -fstack-usage -fcyclomatic-complexity -MMD -MP -MF"Core/Src/utility.d" -MT"Core/Src/utility.o" --specs=nano.specs -mfpu=fpv4-sp-d16 -mfloat-abi=hard -mthumb -o "Core/Src/utility.o"
../Core/Src/DCMotor.c: In function 'DCMotor_Init':
../Core/Src/DCMotor.c:62:5: warning: implicit declaration of function 'configure_pwm_channel' [-Wimplicit-function-declaration]
   62 |     configure_pwm_channel(TIM8, TIM_CCMR1_OC1M_Msk, TIM_CCR1, TIM_CCER_CC1NE, TIM_CCER_CC1NP);
      |     ^~~~~~~~~~~~~~~~~~~~~
../Core/Src/DCMotor.c:62:53: error: 'TIM_CCR1' undeclared (first use in this function)
   62 |     configure_pwm_channel(TIM8, TIM_CCMR1_OC1M_Msk, TIM_CCR1, TIM_CCER_CC1NE, TIM_CCER_CC1NP);
      |                                                     ^~~~~~~~
../Core/Src/DCMotor.c:62:53: note: each undeclared identifier is reported only once for each function it appears in
../Core/Src/DCMotor.c:63:53: error: 'TIM_CCR2' undeclared (first use in this function)
   63 |     configure_pwm_channel(TIM8, TIM_CCMR1_OC2M_Msk, TIM_CCR2, TIM_CCER_CC2NE, TIM_CCER_CC2NP);
      |                                                     ^~~~~~~~
In file included from ../Core/Inc/DCMotor.h:4,
                 from ../Core/Src/DCMotor.c:1:
../Drivers/CMSIS/Device/ST/STM32F3xx/Include/stm32f303xe.h:13168:35: warning: statement with no effect [-Wunused-value]
13168 | #define TIM_CCMR1_OC2M_Msk        (0x1007UL << TIM_CCMR1_OC2M_Pos)              /*!< 0x01007000 */
      |                                   ^
../Core/Src/DCMotor.c:64:5: note: in expansion of macro 'TIM_CCMR1_OC2M_Msk'
   64 |     TIM_CCMR1_OC2M_Msk;
      |     ^~~~~~~~~~~~~~~~~~
../Core/Src/DCMotor.c: At top level:
../Core/Src/DCMotor.c:73:6: warning: conflicting types for 'configure_pwm_channel'; have 'void(TIM_TypeDef *, uint32_t,  volatile uint32_t *, uint32_t,  uint32_t)' {aka 'void(TIM_TypeDef *, long unsigned int,  volatile long unsigned int *, long unsigned int,  long unsigned int)'}
   73 | void configure_pwm_channel(TIM_TypeDef* TIM, uint32_t CCMR_OCM_Mask, volatile uint32_t *CCR, uint32_t CCER_CCE, uint32_t CCER_CCP){
      |      ^~~~~~~~~~~~~~~~~~~~~
../Core/Src/DCMotor.c:62:5: note: previous implicit declaration of 'configure_pwm_channel' with type 'void(TIM_TypeDef *, uint32_t,  volatile uint32_t *, uint32_t,  uint32_t)' {aka 'void(TIM_TypeDef *, long unsigned int,  volatile long unsigned int *, long unsigned int,  long unsigned int)'}
   62 |     configure_pwm_channel(TIM8, TIM_CCMR1_OC1M_Msk, TIM_CCR1, TIM_CCER_CC1NE, TIM_CCER_CC1NP);
      |     ^~~~~~~~~~~~~~~~~~~~~
../Core/Src/DCMotor.c: In function 'DCMotor_SetDir':
../Core/Src/DCMotor.c:99:9: warning: implicit declaration of function 'Delay_ms'; did you mean 'delay_ms'? [-Wimplicit-function-declaration]
   99 |         Delay_ms(5);
      |         ^~~~~~~~
      |         delay_ms
make: *** [Core/Src/subdir.mk:73: Core/Src/DCMotor.o] Error 1
make: *** Waiting for unfinished jobs....
"make -j7 all" terminated with exit code 2. Build might be incomplete.
18:41:41 **** Incremental Build of configuration Debug for project Proj-5 ****
make -j7 all 
arm-none-eabi-gcc "../Core/Src/DCMotor.c" -mcpu=cortex-m4 -std=gnu11 -g3 -DDEBUG -DUSE_HAL_DRIVER -DSTM32F303xE -c -I../Core/Inc -I../Drivers/STM32F3xx_HAL_Driver/Inc -I../Drivers/STM32F3xx_HAL_Driver/Inc/Legacy -I../Drivers/CMSIS/Device/ST/STM32F3xx/Include -I../Drivers/CMSIS/Include -O0 -ffunction-sections -fdata-sections -Wall -fstack-usage -fcyclomatic-complexity -MMD -MP -MF"Core/Src/DCMotor.d" -MT"Core/Src/DCMotor.o" --specs=nano.specs -mfpu=fpv4-sp-d16 -mfloat-abi=hard -mthumb -o "Core/Src/DCMotor.o"
../Core/Src/DCMotor.c: In function 'DCMotor_Init':
../Core/Src/DCMotor.c:62:5: warning: implicit declaration of function 'configure_pwm_channel' [-Wimplicit-function-declaration]
   62 |     configure_pwm_channel(TIM8, TIM_CCMR1_OC1M_Msk, TIM_CCR1, TIM_CCER_CC1NE, TIM_CCER_CC1NP);
      |     ^~~~~~~~~~~~~~~~~~~~~
../Core/Src/DCMotor.c:62:53: error: 'TIM_CCR1' undeclared (first use in this function)
   62 |     configure_pwm_channel(TIM8, TIM_CCMR1_OC1M_Msk, TIM_CCR1, TIM_CCER_CC1NE, TIM_CCER_CC1NP);
      |                                                     ^~~~~~~~
../Core/Src/DCMotor.c:62:53: note: each undeclared identifier is reported only once for each function it appears in
../Core/Src/DCMotor.c:63:53: error: 'TIM_CCR2' undeclared (first use in this function)
   63 |     configure_pwm_channel(TIM8, TIM_CCMR1_OC2M_Msk, TIM_CCR2, TIM_CCER_CC2NE, TIM_CCER_CC2NP);
      |                                                     ^~~~~~~~
In file included from ../Core/Inc/DCMotor.h:4,
                 from ../Core/Src/DCMotor.c:1:
../Drivers/CMSIS/Device/ST/STM32F3xx/Include/stm32f303xe.h:13168:35: warning: statement with no effect [-Wunused-value]
13168 | #define TIM_CCMR1_OC2M_Msk        (0x1007UL << TIM_CCMR1_OC2M_Pos)              /*!< 0x01007000 */
      |                                   ^
../Core/Src/DCMotor.c:64:5: note: in expansion of macro 'TIM_CCMR1_OC2M_Msk'
   64 |     TIM_CCMR1_OC2M_Msk;
      |     ^~~~~~~~~~~~~~~~~~
../Core/Src/DCMotor.c: At top level:
../Core/Src/DCMotor.c:73:6: warning: conflicting types for 'configure_pwm_channel'; have 'void(TIM_TypeDef *, uint32_t,  volatile uint32_t *, uint32_t,  uint32_t)' {aka 'void(TIM_TypeDef *, long unsigned int,  volatile long unsigned int *, long unsigned int,  long unsigned int)'}
   73 | void configure_pwm_channel(TIM_TypeDef* TIM, uint32_t CCMR_OCM_Mask, volatile uint32_t *CCR, uint32_t CCER_CCE, uint32_t CCER_CCP){
      |      ^~~~~~~~~~~~~~~~~~~~~
../Core/Src/DCMotor.c:62:5: note: previous implicit declaration of 'configure_pwm_channel' with type 'void(TIM_TypeDef *, uint32_t,  volatile uint32_t *, uint32_t,  uint32_t)' {aka 'void(TIM_TypeDef *, long unsigned int,  volatile long unsigned int *, long unsigned int,  long unsigned int)'}
   62 |     configure_pwm_channel(TIM8, TIM_CCMR1_OC1M_Msk, TIM_CCR1, TIM_CCER_CC1NE, TIM_CCER_CC1NP);
      |     ^~~~~~~~~~~~~~~~~~~~~
../Core/Src/DCMotor.c: In function 'DCMotor_SetDir':
../Core/Src/DCMotor.c:99:9: warning: implicit declaration of function 'Delay_ms'; did you mean 'delay_ms'? [-Wimplicit-function-declaration]
   99 |         Delay_ms(5);
      |         ^~~~~~~~
      |         delay_ms
make: *** [Core/Src/subdir.mk:73: Core/Src/DCMotor.o] Error 1
"make -j7 all" terminated with exit code 2. Build might be incomplete.
18:41:53 **** Incremental Build of configuration Debug for project Proj-5 ****
make -j7 all 
arm-none-eabi-gcc "../Core/Src/DCMotor.c" -mcpu=cortex-m4 -std=gnu11 -g3 -DDEBUG -DUSE_HAL_DRIVER -DSTM32F303xE -c -I../Core/Inc -I../Drivers/STM32F3xx_HAL_Driver/Inc -I../Drivers/STM32F3xx_HAL_Driver/Inc/Legacy -I../Drivers/CMSIS/Device/ST/STM32F3xx/Include -I../Drivers/CMSIS/Include -O0 -ffunction-sections -fdata-sections -Wall -fstack-usage -fcyclomatic-complexity -MMD -MP -MF"Core/Src/DCMotor.d" -MT"Core/Src/DCMotor.o" --specs=nano.specs -mfpu=fpv4-sp-d16 -mfloat-abi=hard -mthumb -o "Core/Src/DCMotor.o"
../Core/Src/DCMotor.c: In function 'DCMotor_Init':
../Core/Src/DCMotor.c:63:9: warning: implicit declaration of function 'configure_pwm_channel' [-Wimplicit-function-declaration]
   63 |         configure_pwm_channel(TIM8, TIM_CCMR1_OC1M_Msk, TIM_CCR1, TIM_CCER_CC1NE, TIM_CCER_CC1NP);
      |         ^~~~~~~~~~~~~~~~~~~~~
../Core/Src/DCMotor.c:63:57: error: 'TIM_CCR1' undeclared (first use in this function)
   63 |         configure_pwm_channel(TIM8, TIM_CCMR1_OC1M_Msk, TIM_CCR1, TIM_CCER_CC1NE, TIM_CCER_CC1NP);
      |                                                         ^~~~~~~~
../Core/Src/DCMotor.c:63:57: note: each undeclared identifier is reported only once for each function it appears in
../Core/Src/DCMotor.c:64:57: error: 'TIM_CCR2' undeclared (first use in this function)
   64 |         configure_pwm_channel(TIM8, TIM_CCMR1_OC2M_Msk, TIM_CCR2, TIM_CCER_CC2NE, TIM_CCER_CC2NP);
      |                                                         ^~~~~~~~
../Core/Src/DCMotor.c: At top level:
../Core/Src/DCMotor.c:71:6: warning: conflicting types for 'configure_pwm_channel'; have 'void(TIM_TypeDef *, uint32_t,  volatile uint32_t *, uint32_t,  uint32_t)' {aka 'void(TIM_TypeDef *, long unsigned int,  volatile long unsigned int *, long unsigned int,  long unsigned int)'}
   71 | void configure_pwm_channel(TIM_TypeDef* TIM, uint32_t CCMR_OCM_Mask, volatile uint32_t *CCR, uint32_t CCER_CCE, uint32_t CCER_CCP){
      |      ^~~~~~~~~~~~~~~~~~~~~
../Core/Src/DCMotor.c:63:9: note: previous implicit declaration of 'configure_pwm_channel' with type 'void(TIM_TypeDef *, uint32_t,  volatile uint32_t *, uint32_t,  uint32_t)' {aka 'void(TIM_TypeDef *, long unsigned int,  volatile long unsigned int *, long unsigned int,  long unsigned int)'}
   63 |         configure_pwm_channel(TIM8, TIM_CCMR1_OC1M_Msk, TIM_CCR1, TIM_CCER_CC1NE, TIM_CCER_CC1NP);
      |         ^~~~~~~~~~~~~~~~~~~~~
../Core/Src/DCMotor.c: In function 'DCMotor_SetDir':
../Core/Src/DCMotor.c:97:9: warning: implicit declaration of function 'Delay_ms'; did you mean 'delay_ms'? [-Wimplicit-function-declaration]
   97 |         Delay_ms(5);
      |         ^~~~~~~~
      |         delay_ms
make: *** [Core/Src/subdir.mk:73: Core/Src/DCMotor.o] Error 1
"make -j7 all" terminated with exit code 2. Build might be incomplete.
18:42:11 **** Incremental Build of configuration Debug for project Proj-5 ****
make -j7 all 
arm-none-eabi-gcc "../Core/Src/DCMotor.c" -mcpu=cortex-m4 -std=gnu11 -g3 -DDEBUG -DUSE_HAL_DRIVER -DSTM32F303xE -c -I../Core/Inc -I../Drivers/STM32F3xx_HAL_Driver/Inc -I../Drivers/STM32F3xx_HAL_Driver/Inc/Legacy -I../Drivers/CMSIS/Device/ST/STM32F3xx/Include -I../Drivers/CMSIS/Include -O0 -ffunction-sections -fdata-sections -Wall -fstack-usage -fcyclomatic-complexity -MMD -MP -MF"Core/Src/DCMotor.d" -MT"Core/Src/DCMotor.o" --specs=nano.specs -mfpu=fpv4-sp-d16 -mfloat-abi=hard -mthumb -o "Core/Src/DCMotor.o"
../Core/Src/DCMotor.c: In function 'DCMotor_Init':
../Core/Src/DCMotor.c:62:5: warning: implicit declaration of function 'configure_pwm_channel' [-Wimplicit-function-declaration]
   62 |     configure_pwm_channel(TIM8, TIM_CCMR1_OC1M_Msk, TIM_CCR1, TIM_CCER_CC1NE, TIM_CCER_CC1NP);
      |     ^~~~~~~~~~~~~~~~~~~~~
../Core/Src/DCMotor.c:62:53: error: 'TIM_CCR1' undeclared (first use in this function)
   62 |     configure_pwm_channel(TIM8, TIM_CCMR1_OC1M_Msk, TIM_CCR1, TIM_CCER_CC1NE, TIM_CCER_CC1NP);
      |                                                     ^~~~~~~~
../Core/Src/DCMotor.c:62:53: note: each undeclared identifier is reported only once for each function it appears in
../Core/Src/DCMotor.c:63:53: error: 'TIM_CCR2' undeclared (first use in this function)
   63 |     configure_pwm_channel(TIM8, TIM_CCMR1_OC2M_Msk, TIM_CCR2, TIM_CCER_CC2NE, TIM_CCER_CC2NP);
      |                                                     ^~~~~~~~
In file included from ../Core/Inc/DCMotor.h:4,
                 from ../Core/Src/DCMotor.c:1:
../Drivers/CMSIS/Device/ST/STM32F3xx/Include/stm32f303xe.h:13168:35: warning: statement with no effect [-Wunused-value]
13168 | #define TIM_CCMR1_OC2M_Msk        (0x1007UL << TIM_CCMR1_OC2M_Pos)              /*!< 0x01007000 */
      |                                   ^
../Core/Src/DCMotor.c:64:5: note: in expansion of macro 'TIM_CCMR1_OC2M_Msk'
   64 |     TIM_CCMR1_OC2M_Msk;
      |     ^~~~~~~~~~~~~~~~~~
../Core/Src/DCMotor.c: At top level:
../Core/Src/DCMotor.c:74:6: warning: conflicting types for 'configure_pwm_channel'; have 'void(TIM_TypeDef *, uint32_t,  volatile uint32_t *, uint32_t,  uint32_t)' {aka 'void(TIM_TypeDef *, long unsigned int,  volatile long unsigned int *, long unsigned int,  long unsigned int)'}
   74 | void configure_pwm_channel(TIM_TypeDef* TIM, uint32_t CCMR_OCM_Mask, volatile uint32_t *CCR, uint32_t CCER_CCE, uint32_t CCER_CCP){
      |      ^~~~~~~~~~~~~~~~~~~~~
../Core/Src/DCMotor.c:62:5: note: previous implicit declaration of 'configure_pwm_channel' with type 'void(TIM_TypeDef *, uint32_t,  volatile uint32_t *, uint32_t,  uint32_t)' {aka 'void(TIM_TypeDef *, long unsigned int,  volatile long unsigned int *, long unsigned int,  long unsigned int)'}
   62 |     configure_pwm_channel(TIM8, TIM_CCMR1_OC1M_Msk, TIM_CCR1, TIM_CCER_CC1NE, TIM_CCER_CC1NP);
      |     ^~~~~~~~~~~~~~~~~~~~~
../Core/Src/DCMotor.c: In function 'DCMotor_SetDir':
../Core/Src/DCMotor.c:100:9: warning: implicit declaration of function 'Delay_ms'; did you mean 'delay_ms'? [-Wimplicit-function-declaration]
  100 |         Delay_ms(5);
      |         ^~~~~~~~
      |         delay_ms
make: *** [Core/Src/subdir.mk:73: Core/Src/DCMotor.o] Error 1
"make -j7 all" terminated with exit code 2. Build might be incomplete.
18:43:18 **** Incremental Build of configuration Debug for project Proj-5 ****
make -j7 all 
arm-none-eabi-gcc "../Core/Src/DCMotor.c" -mcpu=cortex-m4 -std=gnu11 -g3 -DDEBUG -DUSE_HAL_DRIVER -DSTM32F303xE -c -I../Core/Inc -I../Drivers/STM32F3xx_HAL_Driver/Inc -I../Drivers/STM32F3xx_HAL_Driver/Inc/Legacy -I../Drivers/CMSIS/Device/ST/STM32F3xx/Include -I../Drivers/CMSIS/Include -O0 -ffunction-sections -fdata-sections -Wall -fstack-usage -fcyclomatic-complexity -MMD -MP -MF"Core/Src/DCMotor.d" -MT"Core/Src/DCMotor.o" --specs=nano.specs -mfpu=fpv4-sp-d16 -mfloat-abi=hard -mthumb -o "Core/Src/DCMotor.o"
../Core/Src/DCMotor.c: In function 'DCMotor_Init':
../Core/Src/DCMotor.c:62:5: warning: implicit declaration of function 'configure_pwm_channel' [-Wimplicit-function-declaration]
   62 |     configure_pwm_channel(TIM8, TIM_CCMR1_OC1M_Msk, 1, TIM_CCER_CC1NE, TIM_CCER_CC1NP);
      |     ^~~~~~~~~~~~~~~~~~~~~
../Core/Src/DCMotor.c: At top level:
../Core/Src/DCMotor.c:70:6: warning: conflicting types for 'configure_pwm_channel'; have 'void(TIM_TypeDef *, uint32_t,  uint32_t,  uint32_t,  uint32_t)' {aka 'void(TIM_TypeDef *, long unsigned int,  long unsigned int,  long unsigned int,  long unsigned int)'}
   70 | void configure_pwm_channel(TIM_TypeDef* TIM, uint32_t CCMR_OCM_Mask, uint32_t channel, uint32_t CCER_CCE, uint32_t CCER_CCP) {
      |      ^~~~~~~~~~~~~~~~~~~~~
../Core/Src/DCMotor.c:62:5: note: previous implicit declaration of 'configure_pwm_channel' with type 'void(TIM_TypeDef *, uint32_t,  uint32_t,  uint32_t,  uint32_t)' {aka 'void(TIM_TypeDef *, long unsigned int,  long unsigned int,  long unsigned int,  long unsigned int)'}
   62 |     configure_pwm_channel(TIM8, TIM_CCMR1_OC1M_Msk, 1, TIM_CCER_CC1NE, TIM_CCER_CC1NP);
      |     ^~~~~~~~~~~~~~~~~~~~~
../Core/Src/DCMotor.c: In function 'DCMotor_SetDir':
../Core/Src/DCMotor.c:104:9: warning: implicit declaration of function 'Delay_ms'; did you mean 'delay_ms'? [-Wimplicit-function-declaration]
  104 |         Delay_ms(5);
      |         ^~~~~~~~
      |         delay_ms
arm-none-eabi-g++ -o "Proj-5.elf" @"objects.list"   -mcpu=cortex-m4 -T"/Users/mark/Documents/Courses/F24/Project-V/Proj-5/STM32F303RETX_FLASH.ld" --specs=nosys.specs -Wl,-Map="Proj-5.map" -Wl,--gc-sections -static --specs=nano.specs -mfpu=fpv4-sp-d16 -mfloat-abi=hard -mthumb -u _printf_float -Wl,--start-group -lc -lm -lstdc++ -lsupc++ -Wl,--end-group
Finished building target: Proj-5.elf
 
arm-none-eabi-size  Proj-5.elf 
arm-none-eabi-objdump -h -S Proj-5.elf  > "Proj-5.list"
   text	   data	    bss	    dec	    hex	filename
  33520	    472	   2280	  36272	   8db0	Proj-5.elf
Finished building: default.size.stdout
 
Finished building: Proj-5.list
 
18:43:55 **** Incremental Build of configuration Debug for project Proj-5 ****
make -j7 all 
arm-none-eabi-gcc "../Core/Src/DCMotor.c" -mcpu=cortex-m4 -std=gnu11 -g3 -DDEBUG -DUSE_HAL_DRIVER -DSTM32F303xE -c -I../Core/Inc -I../Drivers/STM32F3xx_HAL_Driver/Inc -I../Drivers/STM32F3xx_HAL_Driver/Inc/Legacy -I../Drivers/CMSIS/Device/ST/STM32F3xx/Include -I../Drivers/CMSIS/Include -O0 -ffunction-sections -fdata-sections -Wall -fstack-usage -fcyclomatic-complexity -MMD -MP -MF"Core/Src/DCMotor.d" -MT"Core/Src/DCMotor.o" --specs=nano.specs -mfpu=fpv4-sp-d16 -mfloat-abi=hard -mthumb -o "Core/Src/DCMotor.o"
../Core/Src/DCMotor.c: In function 'DCMotor_SetDir':
../Core/Src/DCMotor.c:105:9: warning: implicit declaration of function 'Delay_ms'; did you mean 'delay_ms'? [-Wimplicit-function-declaration]
  105 |         Delay_ms(5);
      |         ^~~~~~~~
      |         delay_ms
arm-none-eabi-g++ -o "Proj-5.elf" @"objects.list"   -mcpu=cortex-m4 -T"/Users/mark/Documents/Courses/F24/Project-V/Proj-5/STM32F303RETX_FLASH.ld" --specs=nosys.specs -Wl,-Map="Proj-5.map" -Wl,--gc-sections -static --specs=nano.specs -mfpu=fpv4-sp-d16 -mfloat-abi=hard -mthumb -u _printf_float -Wl,--start-group -lc -lm -lstdc++ -lsupc++ -Wl,--end-group
Finished building target: Proj-5.elf
 
arm-none-eabi-size  Proj-5.elf 
arm-none-eabi-objdump -h -S Proj-5.elf  > "Proj-5.list"
   text	   data	    bss	    dec	    hex	filename
  33520	    472	   2280	  36272	   8db0	Proj-5.elf
Finished building: default.size.stdout
 
Finished building: Proj-5.list
 
18:44:26 **** Incremental Build of configuration Debug for project Proj-5 ****
make -j7 all 
arm-none-eabi-gcc "../Core/Src/DCMotor.c" -mcpu=cortex-m4 -std=gnu11 -g3 -DDEBUG -DUSE_HAL_DRIVER -DSTM32F303xE -c -I../Core/Inc -I../Drivers/STM32F3xx_HAL_Driver/Inc -I../Drivers/STM32F3xx_HAL_Driver/Inc/Legacy -I../Drivers/CMSIS/Device/ST/STM32F3xx/Include -I../Drivers/CMSIS/Include -O0 -ffunction-sections -fdata-sections -Wall -fstack-usage -fcyclomatic-complexity -MMD -MP -MF"Core/Src/DCMotor.d" -MT"Core/Src/DCMotor.o" --specs=nano.specs -mfpu=fpv4-sp-d16 -mfloat-abi=hard -mthumb -o "Core/Src/DCMotor.o"
../Core/Src/DCMotor.c: In function 'DCMotor_SetDir':
../Core/Src/DCMotor.c:105:9: warning: implicit declaration of function 'HAL_Delay' [-Wimplicit-function-declaration]
  105 |         HAL_Delay(5);
      |         ^~~~~~~~~
arm-none-eabi-g++ -o "Proj-5.elf" @"objects.list"   -mcpu=cortex-m4 -T"/Users/mark/Documents/Courses/F24/Project-V/Proj-5/STM32F303RETX_FLASH.ld" --specs=nosys.specs -Wl,-Map="Proj-5.map" -Wl,--gc-sections -static --specs=nano.specs -mfpu=fpv4-sp-d16 -mfloat-abi=hard -mthumb -u _printf_float -Wl,--start-group -lc -lm -lstdc++ -lsupc++ -Wl,--end-group
Finished building target: Proj-5.elf
 
arm-none-eabi-size  Proj-5.elf 
arm-none-eabi-objdump -h -S Proj-5.elf  > "Proj-5.list"
   text	   data	    bss	    dec	    hex	filename
  33520	    472	   2280	  36272	   8db0	Proj-5.elf
Finished building: default.size.stdout
 
Finished building: Proj-5.list
 
18:45:24 **** Incremental Build of configuration Debug for project Proj-5 ****
make -j7 all 
arm-none-eabi-gcc "../Core/Src/main.c" -mcpu=cortex-m4 -std=gnu11 -g3 -DDEBUG -DUSE_HAL_DRIVER -DSTM32F303xE -c -I../Core/Inc -I../Drivers/STM32F3xx_HAL_Driver/Inc -I../Drivers/STM32F3xx_HAL_Driver/Inc/Legacy -I../Drivers/CMSIS/Device/ST/STM32F3xx/Include -I../Drivers/CMSIS/Include -O0 -ffunction-sections -fdata-sections -Wall -fstack-usage -fcyclomatic-complexity -MMD -MP -MF"Core/Src/main.d" -MT"Core/Src/main.o" --specs=nano.specs -mfpu=fpv4-sp-d16 -mfloat-abi=hard -mthumb -o "Core/Src/main.o"
../Core/Src/main.c: In function 'main':
../Core/Src/main.c:137:11: warning: implicit declaration of function 'SetMotorSpeed' [-Wimplicit-function-declaration]
  137 |           SetMotorSpeed(1, 50);
      |           ^~~~~~~~~~~~~
arm-none-eabi-g++ -o "Proj-5.elf" @"objects.list"   -mcpu=cortex-m4 -T"/Users/mark/Documents/Courses/F24/Project-V/Proj-5/STM32F303RETX_FLASH.ld" --specs=nosys.specs -Wl,-Map="Proj-5.map" -Wl,--gc-sections -static --specs=nano.specs -mfpu=fpv4-sp-d16 -mfloat-abi=hard -mthumb -u _printf_float -Wl,--start-group -lc -lm -lstdc++ -lsupc++ -Wl,--end-group
Finished building target: Proj-5.elf
 
arm-none-eabi-size  Proj-5.elf 
arm-none-eabi-objdump -h -S Proj-5.elf  > "Proj-5.list"
   text	   data	    bss	    dec	    hex	filename
  33520	    472	   2280	  36272	   8db0	Proj-5.elf
Finished building: default.size.stdout
 
Finished building: Proj-5.list
 
18:47:28 **** Incremental Build of configuration Debug for project Proj-5 ****
make -j7 all 
arm-none-eabi-gcc "../Core/Src/main.c" -mcpu=cortex-m4 -std=gnu11 -g3 -DDEBUG -DUSE_HAL_DRIVER -DSTM32F303xE -c -I../Core/Inc -I../Drivers/STM32F3xx_HAL_Driver/Inc -I../Drivers/STM32F3xx_HAL_Driver/Inc/Legacy -I../Drivers/CMSIS/Device/ST/STM32F3xx/Include -I../Drivers/CMSIS/Include -O0 -ffunction-sections -fdata-sections -Wall -fstack-usage -fcyclomatic-complexity -MMD -MP -MF"Core/Src/main.d" -MT"Core/Src/main.o" --specs=nano.specs -mfpu=fpv4-sp-d16 -mfloat-abi=hard -mthumb -o "Core/Src/main.o"
arm-none-eabi-g++ -o "Proj-5.elf" @"objects.list"   -mcpu=cortex-m4 -T"/Users/mark/Documents/Courses/F24/Project-V/Proj-5/STM32F303RETX_FLASH.ld" --specs=nosys.specs -Wl,-Map="Proj-5.map" -Wl,--gc-sections -static --specs=nano.specs -mfpu=fpv4-sp-d16 -mfloat-abi=hard -mthumb -u _printf_float -Wl,--start-group -lc -lm -lstdc++ -lsupc++ -Wl,--end-group
Finished building target: Proj-5.elf
 
arm-none-eabi-size  Proj-5.elf 
arm-none-eabi-objdump -h -S Proj-5.elf  > "Proj-5.list"
   text	   data	    bss	    dec	    hex	filename
  33768	    472	   2280	  36520	   8ea8	Proj-5.elf
Finished building: default.size.stdout
 
Finished building: Proj-5.list
 
18:47:40 **** Incremental Build of configuration Debug for project Proj-5 ****
make -j7 all 
arm-none-eabi-size  Proj-5.elf 
   text	   data	    bss	    dec	    hex	filename
  33768	    472	   2280	  36520	   8ea8	Proj-5.elf
Finished building: default.size.stdout
 
18:53:25 **** Build of configuration Debug for project PWM ****
make -j7 all 
arm-none-eabi-gcc "../Drivers/STM32F3xx_HAL_Driver/Src/stm32f3xx_hal.c" -mcpu=cortex-m4 -std=gnu11 -g3 -DDEBUG -DUSE_HAL_DRIVER -DSTM32F303xE -c -I../Core/Inc -I../Drivers/STM32F3xx_HAL_Driver/Inc -I../Drivers/STM32F3xx_HAL_Driver/Inc/Legacy -I../Drivers/CMSIS/Device/ST/STM32F3xx/Include -I../Drivers/CMSIS/Include -O0 -ffunction-sections -fdata-sections -Wall -fstack-usage -fcyclomatic-complexity -MMD -MP -MF"Drivers/STM32F3xx_HAL_Driver/Src/stm32f3xx_hal.d" -MT"Drivers/STM32F3xx_HAL_Driver/Src/stm32f3xx_hal.o" --specs=nano.specs -mfpu=fpv4-sp-d16 -mfloat-abi=hard -mthumb -o "Drivers/STM32F3xx_HAL_Driver/Src/stm32f3xx_hal.o"
arm-none-eabi-gcc "../Drivers/STM32F3xx_HAL_Driver/Src/stm32f3xx_hal_cortex.c" -mcpu=cortex-m4 -std=gnu11 -g3 -DDEBUG -DUSE_HAL_DRIVER -DSTM32F303xE -c -I../Core/Inc -I../Drivers/STM32F3xx_HAL_Driver/Inc -I../Drivers/STM32F3xx_HAL_Driver/Inc/Legacy -I../Drivers/CMSIS/Device/ST/STM32F3xx/Include -I../Drivers/CMSIS/Include -O0 -ffunction-sections -fdata-sections -Wall -fstack-usage -fcyclomatic-complexity -MMD -MP -MF"Drivers/STM32F3xx_HAL_Driver/Src/stm32f3xx_hal_cortex.d" -MT"Drivers/STM32F3xx_HAL_Driver/Src/stm32f3xx_hal_cortex.o" --specs=nano.specs -mfpu=fpv4-sp-d16 -mfloat-abi=hard -mthumb -o "Drivers/STM32F3xx_HAL_Driver/Src/stm32f3xx_hal_cortex.o"
arm-none-eabi-gcc "../Drivers/STM32F3xx_HAL_Driver/Src/stm32f3xx_hal_dma.c" -mcpu=cortex-m4 -std=gnu11 -g3 -DDEBUG -DUSE_HAL_DRIVER -DSTM32F303xE -c -I../Core/Inc -I../Drivers/STM32F3xx_HAL_Driver/Inc -I../Drivers/STM32F3xx_HAL_Driver/Inc/Legacy -I../Drivers/CMSIS/Device/ST/STM32F3xx/Include -I../Drivers/CMSIS/Include -O0 -ffunction-sections -fdata-sections -Wall -fstack-usage -fcyclomatic-complexity -MMD -MP -MF"Drivers/STM32F3xx_HAL_Driver/Src/stm32f3xx_hal_dma.d" -MT"Drivers/STM32F3xx_HAL_Driver/Src/stm32f3xx_hal_dma.o" --specs=nano.specs -mfpu=fpv4-sp-d16 -mfloat-abi=hard -mthumb -o "Drivers/STM32F3xx_HAL_Driver/Src/stm32f3xx_hal_dma.o"
arm-none-eabi-gcc "../Drivers/STM32F3xx_HAL_Driver/Src/stm32f3xx_hal_exti.c" -mcpu=cortex-m4 -std=gnu11 -g3 -DDEBUG -DUSE_HAL_DRIVER -DSTM32F303xE -c -I../Core/Inc -I../Drivers/STM32F3xx_HAL_Driver/Inc -I../Drivers/STM32F3xx_HAL_Driver/Inc/Legacy -I../Drivers/CMSIS/Device/ST/STM32F3xx/Include -I../Drivers/CMSIS/Include -O0 -ffunction-sections -fdata-sections -Wall -fstack-usage -fcyclomatic-complexity -MMD -MP -MF"Drivers/STM32F3xx_HAL_Driver/Src/stm32f3xx_hal_exti.d" -MT"Drivers/STM32F3xx_HAL_Driver/Src/stm32f3xx_hal_exti.o" --specs=nano.specs -mfpu=fpv4-sp-d16 -mfloat-abi=hard -mthumb -o "Drivers/STM32F3xx_HAL_Driver/Src/stm32f3xx_hal_exti.o"
arm-none-eabi-gcc "../Drivers/STM32F3xx_HAL_Driver/Src/stm32f3xx_hal_flash.c" -mcpu=cortex-m4 -std=gnu11 -g3 -DDEBUG -DUSE_HAL_DRIVER -DSTM32F303xE -c -I../Core/Inc -I../Drivers/STM32F3xx_HAL_Driver/Inc -I../Drivers/STM32F3xx_HAL_Driver/Inc/Legacy -I../Drivers/CMSIS/Device/ST/STM32F3xx/Include -I../Drivers/CMSIS/Include -O0 -ffunction-sections -fdata-sections -Wall -fstack-usage -fcyclomatic-complexity -MMD -MP -MF"Drivers/STM32F3xx_HAL_Driver/Src/stm32f3xx_hal_flash.d" -MT"Drivers/STM32F3xx_HAL_Driver/Src/stm32f3xx_hal_flash.o" --specs=nano.specs -mfpu=fpv4-sp-d16 -mfloat-abi=hard -mthumb -o "Drivers/STM32F3xx_HAL_Driver/Src/stm32f3xx_hal_flash.o"
arm-none-eabi-gcc "../Drivers/STM32F3xx_HAL_Driver/Src/stm32f3xx_hal_flash_ex.c" -mcpu=cortex-m4 -std=gnu11 -g3 -DDEBUG -DUSE_HAL_DRIVER -DSTM32F303xE -c -I../Core/Inc -I../Drivers/STM32F3xx_HAL_Driver/Inc -I../Drivers/STM32F3xx_HAL_Driver/Inc/Legacy -I../Drivers/CMSIS/Device/ST/STM32F3xx/Include -I../Drivers/CMSIS/Include -O0 -ffunction-sections -fdata-sections -Wall -fstack-usage -fcyclomatic-complexity -MMD -MP -MF"Drivers/STM32F3xx_HAL_Driver/Src/stm32f3xx_hal_flash_ex.d" -MT"Drivers/STM32F3xx_HAL_Driver/Src/stm32f3xx_hal_flash_ex.o" --specs=nano.specs -mfpu=fpv4-sp-d16 -mfloat-abi=hard -mthumb -o "Drivers/STM32F3xx_HAL_Driver/Src/stm32f3xx_hal_flash_ex.o"
arm-none-eabi-gcc "../Drivers/STM32F3xx_HAL_Driver/Src/stm32f3xx_hal_gpio.c" -mcpu=cortex-m4 -std=gnu11 -g3 -DDEBUG -DUSE_HAL_DRIVER -DSTM32F303xE -c -I../Core/Inc -I../Drivers/STM32F3xx_HAL_Driver/Inc -I../Drivers/STM32F3xx_HAL_Driver/Inc/Legacy -I../Drivers/CMSIS/Device/ST/STM32F3xx/Include -I../Drivers/CMSIS/Include -O0 -ffunction-sections -fdata-sections -Wall -fstack-usage -fcyclomatic-complexity -MMD -MP -MF"Drivers/STM32F3xx_HAL_Driver/Src/stm32f3xx_hal_gpio.d" -MT"Drivers/STM32F3xx_HAL_Driver/Src/stm32f3xx_hal_gpio.o" --specs=nano.specs -mfpu=fpv4-sp-d16 -mfloat-abi=hard -mthumb -o "Drivers/STM32F3xx_HAL_Driver/Src/stm32f3xx_hal_gpio.o"
arm-none-eabi-gcc "../Drivers/STM32F3xx_HAL_Driver/Src/stm32f3xx_hal_i2c.c" -mcpu=cortex-m4 -std=gnu11 -g3 -DDEBUG -DUSE_HAL_DRIVER -DSTM32F303xE -c -I../Core/Inc -I../Drivers/STM32F3xx_HAL_Driver/Inc -I../Drivers/STM32F3xx_HAL_Driver/Inc/Legacy -I../Drivers/CMSIS/Device/ST/STM32F3xx/Include -I../Drivers/CMSIS/Include -O0 -ffunction-sections -fdata-sections -Wall -fstack-usage -fcyclomatic-complexity -MMD -MP -MF"Drivers/STM32F3xx_HAL_Driver/Src/stm32f3xx_hal_i2c.d" -MT"Drivers/STM32F3xx_HAL_Driver/Src/stm32f3xx_hal_i2c.o" --specs=nano.specs -mfpu=fpv4-sp-d16 -mfloat-abi=hard -mthumb -o "Drivers/STM32F3xx_HAL_Driver/Src/stm32f3xx_hal_i2c.o"
arm-none-eabi-gcc "../Drivers/STM32F3xx_HAL_Driver/Src/stm32f3xx_hal_i2c_ex.c" -mcpu=cortex-m4 -std=gnu11 -g3 -DDEBUG -DUSE_HAL_DRIVER -DSTM32F303xE -c -I../Core/Inc -I../Drivers/STM32F3xx_HAL_Driver/Inc -I../Drivers/STM32F3xx_HAL_Driver/Inc/Legacy -I../Drivers/CMSIS/Device/ST/STM32F3xx/Include -I../Drivers/CMSIS/Include -O0 -ffunction-sections -fdata-sections -Wall -fstack-usage -fcyclomatic-complexity -MMD -MP -MF"Drivers/STM32F3xx_HAL_Driver/Src/stm32f3xx_hal_i2c_ex.d" -MT"Drivers/STM32F3xx_HAL_Driver/Src/stm32f3xx_hal_i2c_ex.o" --specs=nano.specs -mfpu=fpv4-sp-d16 -mfloat-abi=hard -mthumb -o "Drivers/STM32F3xx_HAL_Driver/Src/stm32f3xx_hal_i2c_ex.o"
arm-none-eabi-gcc "../Drivers/STM32F3xx_HAL_Driver/Src/stm32f3xx_hal_pwr.c" -mcpu=cortex-m4 -std=gnu11 -g3 -DDEBUG -DUSE_HAL_DRIVER -DSTM32F303xE -c -I../Core/Inc -I../Drivers/STM32F3xx_HAL_Driver/Inc -I../Drivers/STM32F3xx_HAL_Driver/Inc/Legacy -I../Drivers/CMSIS/Device/ST/STM32F3xx/Include -I../Drivers/CMSIS/Include -O0 -ffunction-sections -fdata-sections -Wall -fstack-usage -fcyclomatic-complexity -MMD -MP -MF"Drivers/STM32F3xx_HAL_Driver/Src/stm32f3xx_hal_pwr.d" -MT"Drivers/STM32F3xx_HAL_Driver/Src/stm32f3xx_hal_pwr.o" --specs=nano.specs -mfpu=fpv4-sp-d16 -mfloat-abi=hard -mthumb -o "Drivers/STM32F3xx_HAL_Driver/Src/stm32f3xx_hal_pwr.o"
arm-none-eabi-gcc "../Drivers/STM32F3xx_HAL_Driver/Src/stm32f3xx_hal_pwr_ex.c" -mcpu=cortex-m4 -std=gnu11 -g3 -DDEBUG -DUSE_HAL_DRIVER -DSTM32F303xE -c -I../Core/Inc -I../Drivers/STM32F3xx_HAL_Driver/Inc -I../Drivers/STM32F3xx_HAL_Driver/Inc/Legacy -I../Drivers/CMSIS/Device/ST/STM32F3xx/Include -I../Drivers/CMSIS/Include -O0 -ffunction-sections -fdata-sections -Wall -fstack-usage -fcyclomatic-complexity -MMD -MP -MF"Drivers/STM32F3xx_HAL_Driver/Src/stm32f3xx_hal_pwr_ex.d" -MT"Drivers/STM32F3xx_HAL_Driver/Src/stm32f3xx_hal_pwr_ex.o" --specs=nano.specs -mfpu=fpv4-sp-d16 -mfloat-abi=hard -mthumb -o "Drivers/STM32F3xx_HAL_Driver/Src/stm32f3xx_hal_pwr_ex.o"
arm-none-eabi-gcc "../Drivers/STM32F3xx_HAL_Driver/Src/stm32f3xx_hal_rcc.c" -mcpu=cortex-m4 -std=gnu11 -g3 -DDEBUG -DUSE_HAL_DRIVER -DSTM32F303xE -c -I../Core/Inc -I../Drivers/STM32F3xx_HAL_Driver/Inc -I../Drivers/STM32F3xx_HAL_Driver/Inc/Legacy -I../Drivers/CMSIS/Device/ST/STM32F3xx/Include -I../Drivers/CMSIS/Include -O0 -ffunction-sections -fdata-sections -Wall -fstack-usage -fcyclomatic-complexity -MMD -MP -MF"Drivers/STM32F3xx_HAL_Driver/Src/stm32f3xx_hal_rcc.d" -MT"Drivers/STM32F3xx_HAL_Driver/Src/stm32f3xx_hal_rcc.o" --specs=nano.specs -mfpu=fpv4-sp-d16 -mfloat-abi=hard -mthumb -o "Drivers/STM32F3xx_HAL_Driver/Src/stm32f3xx_hal_rcc.o"
arm-none-eabi-gcc "../Drivers/STM32F3xx_HAL_Driver/Src/stm32f3xx_hal_rcc_ex.c" -mcpu=cortex-m4 -std=gnu11 -g3 -DDEBUG -DUSE_HAL_DRIVER -DSTM32F303xE -c -I../Core/Inc -I../Drivers/STM32F3xx_HAL_Driver/Inc -I../Drivers/STM32F3xx_HAL_Driver/Inc/Legacy -I../Drivers/CMSIS/Device/ST/STM32F3xx/Include -I../Drivers/CMSIS/Include -O0 -ffunction-sections -fdata-sections -Wall -fstack-usage -fcyclomatic-complexity -MMD -MP -MF"Drivers/STM32F3xx_HAL_Driver/Src/stm32f3xx_hal_rcc_ex.d" -MT"Drivers/STM32F3xx_HAL_Driver/Src/stm32f3xx_hal_rcc_ex.o" --specs=nano.specs -mfpu=fpv4-sp-d16 -mfloat-abi=hard -mthumb -o "Drivers/STM32F3xx_HAL_Driver/Src/stm32f3xx_hal_rcc_ex.o"
arm-none-eabi-gcc "../Drivers/STM32F3xx_HAL_Driver/Src/stm32f3xx_hal_tim.c" -mcpu=cortex-m4 -std=gnu11 -g3 -DDEBUG -DUSE_HAL_DRIVER -DSTM32F303xE -c -I../Core/Inc -I../Drivers/STM32F3xx_HAL_Driver/Inc -I../Drivers/STM32F3xx_HAL_Driver/Inc/Legacy -I../Drivers/CMSIS/Device/ST/STM32F3xx/Include -I../Drivers/CMSIS/Include -O0 -ffunction-sections -fdata-sections -Wall -fstack-usage -fcyclomatic-complexity -MMD -MP -MF"Drivers/STM32F3xx_HAL_Driver/Src/stm32f3xx_hal_tim.d" -MT"Drivers/STM32F3xx_HAL_Driver/Src/stm32f3xx_hal_tim.o" --specs=nano.specs -mfpu=fpv4-sp-d16 -mfloat-abi=hard -mthumb -o "Drivers/STM32F3xx_HAL_Driver/Src/stm32f3xx_hal_tim.o"
arm-none-eabi-gcc "../Drivers/STM32F3xx_HAL_Driver/Src/stm32f3xx_hal_tim_ex.c" -mcpu=cortex-m4 -std=gnu11 -g3 -DDEBUG -DUSE_HAL_DRIVER -DSTM32F303xE -c -I../Core/Inc -I../Drivers/STM32F3xx_HAL_Driver/Inc -I../Drivers/STM32F3xx_HAL_Driver/Inc/Legacy -I../Drivers/CMSIS/Device/ST/STM32F3xx/Include -I../Drivers/CMSIS/Include -O0 -ffunction-sections -fdata-sections -Wall -fstack-usage -fcyclomatic-complexity -MMD -MP -MF"Drivers/STM32F3xx_HAL_Driver/Src/stm32f3xx_hal_tim_ex.d" -MT"Drivers/STM32F3xx_HAL_Driver/Src/stm32f3xx_hal_tim_ex.o" --specs=nano.specs -mfpu=fpv4-sp-d16 -mfloat-abi=hard -mthumb -o "Drivers/STM32F3xx_HAL_Driver/Src/stm32f3xx_hal_tim_ex.o"
arm-none-eabi-gcc "../Drivers/STM32F3xx_HAL_Driver/Src/stm32f3xx_hal_uart.c" -mcpu=cortex-m4 -std=gnu11 -g3 -DDEBUG -DUSE_HAL_DRIVER -DSTM32F303xE -c -I../Core/Inc -I../Drivers/STM32F3xx_HAL_Driver/Inc -I../Drivers/STM32F3xx_HAL_Driver/Inc/Legacy -I../Drivers/CMSIS/Device/ST/STM32F3xx/Include -I../Drivers/CMSIS/Include -O0 -ffunction-sections -fdata-sections -Wall -fstack-usage -fcyclomatic-complexity -MMD -MP -MF"Drivers/STM32F3xx_HAL_Driver/Src/stm32f3xx_hal_uart.d" -MT"Drivers/STM32F3xx_HAL_Driver/Src/stm32f3xx_hal_uart.o" --specs=nano.specs -mfpu=fpv4-sp-d16 -mfloat-abi=hard -mthumb -o "Drivers/STM32F3xx_HAL_Driver/Src/stm32f3xx_hal_uart.o"
arm-none-eabi-gcc "../Drivers/STM32F3xx_HAL_Driver/Src/stm32f3xx_hal_uart_ex.c" -mcpu=cortex-m4 -std=gnu11 -g3 -DDEBUG -DUSE_HAL_DRIVER -DSTM32F303xE -c -I../Core/Inc -I../Drivers/STM32F3xx_HAL_Driver/Inc -I../Drivers/STM32F3xx_HAL_Driver/Inc/Legacy -I../Drivers/CMSIS/Device/ST/STM32F3xx/Include -I../Drivers/CMSIS/Include -O0 -ffunction-sections -fdata-sections -Wall -fstack-usage -fcyclomatic-complexity -MMD -MP -MF"Drivers/STM32F3xx_HAL_Driver/Src/stm32f3xx_hal_uart_ex.d" -MT"Drivers/STM32F3xx_HAL_Driver/Src/stm32f3xx_hal_uart_ex.o" --specs=nano.specs -mfpu=fpv4-sp-d16 -mfloat-abi=hard -mthumb -o "Drivers/STM32F3xx_HAL_Driver/Src/stm32f3xx_hal_uart_ex.o"
arm-none-eabi-gcc -mcpu=cortex-m4 -g3 -DDEBUG -c -x assembler-with-cpp -MMD -MP -MF"Core/Startup/startup_stm32f303retx.d" -MT"Core/Startup/startup_stm32f303retx.o" --specs=nano.specs -mfpu=fpv4-sp-d16 -mfloat-abi=hard -mthumb -o "Core/Startup/startup_stm32f303retx.o" "../Core/Startup/startup_stm32f303retx.s"
arm-none-eabi-gcc "../Core/Src/main.c" -mcpu=cortex-m4 -std=gnu11 -g3 -DDEBUG -DUSE_HAL_DRIVER -DSTM32F303xE -c -I../Core/Inc -I../Drivers/STM32F3xx_HAL_Driver/Inc -I../Drivers/STM32F3xx_HAL_Driver/Inc/Legacy -I../Drivers/CMSIS/Device/ST/STM32F3xx/Include -I../Drivers/CMSIS/Include -O0 -ffunction-sections -fdata-sections -Wall -fstack-usage -fcyclomatic-complexity -MMD -MP -MF"Core/Src/main.d" -MT"Core/Src/main.o" --specs=nano.specs -mfpu=fpv4-sp-d16 -mfloat-abi=hard -mthumb -o "Core/Src/main.o"
arm-none-eabi-gcc "../Core/Src/stm32f3xx_hal_msp.c" -mcpu=cortex-m4 -std=gnu11 -g3 -DDEBUG -DUSE_HAL_DRIVER -DSTM32F303xE -c -I../Core/Inc -I../Drivers/STM32F3xx_HAL_Driver/Inc -I../Drivers/STM32F3xx_HAL_Driver/Inc/Legacy -I../Drivers/CMSIS/Device/ST/STM32F3xx/Include -I../Drivers/CMSIS/Include -O0 -ffunction-sections -fdata-sections -Wall -fstack-usage -fcyclomatic-complexity -MMD -MP -MF"Core/Src/stm32f3xx_hal_msp.d" -MT"Core/Src/stm32f3xx_hal_msp.o" --specs=nano.specs -mfpu=fpv4-sp-d16 -mfloat-abi=hard -mthumb -o "Core/Src/stm32f3xx_hal_msp.o"
arm-none-eabi-gcc "../Core/Src/stm32f3xx_it.c" -mcpu=cortex-m4 -std=gnu11 -g3 -DDEBUG -DUSE_HAL_DRIVER -DSTM32F303xE -c -I../Core/Inc -I../Drivers/STM32F3xx_HAL_Driver/Inc -I../Drivers/STM32F3xx_HAL_Driver/Inc/Legacy -I../Drivers/CMSIS/Device/ST/STM32F3xx/Include -I../Drivers/CMSIS/Include -O0 -ffunction-sections -fdata-sections -Wall -fstack-usage -fcyclomatic-complexity -MMD -MP -MF"Core/Src/stm32f3xx_it.d" -MT"Core/Src/stm32f3xx_it.o" --specs=nano.specs -mfpu=fpv4-sp-d16 -mfloat-abi=hard -mthumb -o "Core/Src/stm32f3xx_it.o"
arm-none-eabi-gcc "../Core/Src/syscalls.c" -mcpu=cortex-m4 -std=gnu11 -g3 -DDEBUG -DUSE_HAL_DRIVER -DSTM32F303xE -c -I../Core/Inc -I../Drivers/STM32F3xx_HAL_Driver/Inc -I../Drivers/STM32F3xx_HAL_Driver/Inc/Legacy -I../Drivers/CMSIS/Device/ST/STM32F3xx/Include -I../Drivers/CMSIS/Include -O0 -ffunction-sections -fdata-sections -Wall -fstack-usage -fcyclomatic-complexity -MMD -MP -MF"Core/Src/syscalls.d" -MT"Core/Src/syscalls.o" --specs=nano.specs -mfpu=fpv4-sp-d16 -mfloat-abi=hard -mthumb -o "Core/Src/syscalls.o"
arm-none-eabi-gcc "../Core/Src/sysmem.c" -mcpu=cortex-m4 -std=gnu11 -g3 -DDEBUG -DUSE_HAL_DRIVER -DSTM32F303xE -c -I../Core/Inc -I../Drivers/STM32F3xx_HAL_Driver/Inc -I../Drivers/STM32F3xx_HAL_Driver/Inc/Legacy -I../Drivers/CMSIS/Device/ST/STM32F3xx/Include -I../Drivers/CMSIS/Include -O0 -ffunction-sections -fdata-sections -Wall -fstack-usage -fcyclomatic-complexity -MMD -MP -MF"Core/Src/sysmem.d" -MT"Core/Src/sysmem.o" --specs=nano.specs -mfpu=fpv4-sp-d16 -mfloat-abi=hard -mthumb -o "Core/Src/sysmem.o"
arm-none-eabi-gcc "../Core/Src/system_stm32f3xx.c" -mcpu=cortex-m4 -std=gnu11 -g3 -DDEBUG -DUSE_HAL_DRIVER -DSTM32F303xE -c -I../Core/Inc -I../Drivers/STM32F3xx_HAL_Driver/Inc -I../Drivers/STM32F3xx_HAL_Driver/Inc/Legacy -I../Drivers/CMSIS/Device/ST/STM32F3xx/Include -I../Drivers/CMSIS/Include -O0 -ffunction-sections -fdata-sections -Wall -fstack-usage -fcyclomatic-complexity -MMD -MP -MF"Core/Src/system_stm32f3xx.d" -MT"Core/Src/system_stm32f3xx.o" --specs=nano.specs -mfpu=fpv4-sp-d16 -mfloat-abi=hard -mthumb -o "Core/Src/system_stm32f3xx.o"
arm-none-eabi-gcc -o "PWM.elf" @"objects.list"   -mcpu=cortex-m4 -T"/Users/mark/Documents/Courses/F24/Project-V/PWM/STM32F303RETX_FLASH.ld" --specs=nosys.specs -Wl,-Map="PWM.map" -Wl,--gc-sections -static --specs=nano.specs -mfpu=fpv4-sp-d16 -mfloat-abi=hard -mthumb -Wl,--start-group -lc -lm -Wl,--end-group
Finished building target: PWM.elf
 
arm-none-eabi-size  PWM.elf 
arm-none-eabi-objdump -h -S PWM.elf  > "PWM.list"
   text	   data	    bss	    dec	    hex	filename
  15988	     12	   1780	  17780	   4574	PWM.elf
Finished building: default.size.stdout
 
Finished building: PWM.list
 
18:53:28 **** Incremental Build of configuration Debug for project Proj-5 ****
make -j7 all 
arm-none-eabi-gcc "../Core/Src/main.c" -mcpu=cortex-m4 -std=gnu11 -g3 -DDEBUG -DUSE_HAL_DRIVER -DSTM32F303xE -c -I../Core/Inc -I../Drivers/STM32F3xx_HAL_Driver/Inc -I../Drivers/STM32F3xx_HAL_Driver/Inc/Legacy -I../Drivers/CMSIS/Device/ST/STM32F3xx/Include -I../Drivers/CMSIS/Include -O0 -ffunction-sections -fdata-sections -Wall -fstack-usage -fcyclomatic-complexity -MMD -MP -MF"Core/Src/main.d" -MT"Core/Src/main.o" --specs=nano.specs -mfpu=fpv4-sp-d16 -mfloat-abi=hard -mthumb -o "Core/Src/main.o"
arm-none-eabi-g++ -o "Proj-5.elf" @"objects.list"   -mcpu=cortex-m4 -T"/Users/mark/Documents/Courses/F24/Project-V/Proj-5/STM32F303RETX_FLASH.ld" --specs=nosys.specs -Wl,-Map="Proj-5.map" -Wl,--gc-sections -static --specs=nano.specs -mfpu=fpv4-sp-d16 -mfloat-abi=hard -mthumb -u _printf_float -Wl,--start-group -lc -lm -lstdc++ -lsupc++ -Wl,--end-group
Finished building target: Proj-5.elf
 
arm-none-eabi-size  Proj-5.elf 
arm-none-eabi-objdump -h -S Proj-5.elf  > "Proj-5.list"
   text	   data	    bss	    dec	    hex	filename
  34544	    472	   2280	  37296	   91b0	Proj-5.elf
Finished building: default.size.stdout
 
Finished building: Proj-5.list
 
18:53:42 **** Incremental Build of configuration Debug for project Proj-5 ****
make -j7 all 
arm-none-eabi-size  Proj-5.elf 
   text	   data	    bss	    dec	    hex	filename
  34544	    472	   2280	  37296	   91b0	Proj-5.elf
Finished building: default.size.stdout
 
18:56:14 **** Incremental Build of configuration Debug for project PWM ****
make -j7 all 
arm-none-eabi-size  PWM.elf 
   text	   data	    bss	    dec	    hex	filename
  15988	     12	   1780	  17780	   4574	PWM.elf
Finished building: default.size.stdout
 
18:56:15 **** Incremental Build of configuration Debug for project Proj-5 ****
make -j7 all 
arm-none-eabi-gcc "../Core/Src/main.c" -mcpu=cortex-m4 -std=gnu11 -g3 -DDEBUG -DUSE_HAL_DRIVER -DSTM32F303xE -c -I../Core/Inc -I../Drivers/STM32F3xx_HAL_Driver/Inc -I../Drivers/STM32F3xx_HAL_Driver/Inc/Legacy -I../Drivers/CMSIS/Device/ST/STM32F3xx/Include -I../Drivers/CMSIS/Include -O0 -ffunction-sections -fdata-sections -Wall -fstack-usage -fcyclomatic-complexity -MMD -MP -MF"Core/Src/main.d" -MT"Core/Src/main.o" --specs=nano.specs -mfpu=fpv4-sp-d16 -mfloat-abi=hard -mthumb -o "Core/Src/main.o"
arm-none-eabi-g++ -o "Proj-5.elf" @"objects.list"   -mcpu=cortex-m4 -T"/Users/mark/Documents/Courses/F24/Project-V/Proj-5/STM32F303RETX_FLASH.ld" --specs=nosys.specs -Wl,-Map="Proj-5.map" -Wl,--gc-sections -static --specs=nano.specs -mfpu=fpv4-sp-d16 -mfloat-abi=hard -mthumb -u _printf_float -Wl,--start-group -lc -lm -lstdc++ -lsupc++ -Wl,--end-group
Finished building target: Proj-5.elf
 
arm-none-eabi-size  Proj-5.elf 
arm-none-eabi-objdump -h -S Proj-5.elf  > "Proj-5.list"
   text	   data	    bss	    dec	    hex	filename
  34544	    472	   2280	  37296	   91b0	Proj-5.elf
Finished building: default.size.stdout
 
Finished building: Proj-5.list
 
18:56:20 **** Incremental Build of configuration Debug for project Proj-5 ****
make -j7 all 
arm-none-eabi-size  Proj-5.elf 
   text	   data	    bss	    dec	    hex	filename
  34544	    472	   2280	  37296	   91b0	Proj-5.elf
Finished building: default.size.stdout
 
18:57:13 **** Incremental Build of configuration Debug for project PWM ****
make -j7 all 
arm-none-eabi-size  PWM.elf 
   text	   data	    bss	    dec	    hex	filename
  15988	     12	   1780	  17780	   4574	PWM.elf
Finished building: default.size.stdout
 
18:57:14 **** Incremental Build of configuration Debug for project Proj-5 ****
make -j7 all 
arm-none-eabi-gcc "../Core/Src/main.c" -mcpu=cortex-m4 -std=gnu11 -g3 -DDEBUG -DUSE_HAL_DRIVER -DSTM32F303xE -c -I../Core/Inc -I../Drivers/STM32F3xx_HAL_Driver/Inc -I../Drivers/STM32F3xx_HAL_Driver/Inc/Legacy -I../Drivers/CMSIS/Device/ST/STM32F3xx/Include -I../Drivers/CMSIS/Include -O0 -ffunction-sections -fdata-sections -Wall -fstack-usage -fcyclomatic-complexity -MMD -MP -MF"Core/Src/main.d" -MT"Core/Src/main.o" --specs=nano.specs -mfpu=fpv4-sp-d16 -mfloat-abi=hard -mthumb -o "Core/Src/main.o"
arm-none-eabi-g++ -o "Proj-5.elf" @"objects.list"   -mcpu=cortex-m4 -T"/Users/mark/Documents/Courses/F24/Project-V/Proj-5/STM32F303RETX_FLASH.ld" --specs=nosys.specs -Wl,-Map="Proj-5.map" -Wl,--gc-sections -static --specs=nano.specs -mfpu=fpv4-sp-d16 -mfloat-abi=hard -mthumb -u _printf_float -Wl,--start-group -lc -lm -lstdc++ -lsupc++ -Wl,--end-group
Finished building target: Proj-5.elf
 
arm-none-eabi-size  Proj-5.elf 
arm-none-eabi-objdump -h -S Proj-5.elf  > "Proj-5.list"
   text	   data	    bss	    dec	    hex	filename
  34544	    472	   2280	  37296	   91b0	Proj-5.elf
Finished building: default.size.stdout
 
Finished building: Proj-5.list
 
18:57:17 **** Incremental Build of configuration Debug for project Proj-5 ****
make -j7 all 
arm-none-eabi-size  Proj-5.elf 
   text	   data	    bss	    dec	    hex	filename
  34544	    472	   2280	  37296	   91b0	Proj-5.elf
Finished building: default.size.stdout
 
18:58:00 **** Incremental Build of configuration Debug for project Proj-5 ****
make -j7 all 
arm-none-eabi-size  Proj-5.elf 
   text	   data	    bss	    dec	    hex	filename
  34544	    472	   2280	  37296	   91b0	Proj-5.elf
Finished building: default.size.stdout
 
18:59:04 **** Incremental Build of configuration Debug for project PWM ****
make -j7 all 
arm-none-eabi-size  PWM.elf 
   text	   data	    bss	    dec	    hex	filename
  15988	     12	   1780	  17780	   4574	PWM.elf
Finished building: default.size.stdout
 
18:59:04 **** Incremental Build of configuration Debug for project Proj-5 ****
make -j7 all 
arm-none-eabi-gcc "../Core/Src/main.c" -mcpu=cortex-m4 -std=gnu11 -g3 -DDEBUG -DUSE_HAL_DRIVER -DSTM32F303xE -c -I../Core/Inc -I../Drivers/STM32F3xx_HAL_Driver/Inc -I../Drivers/STM32F3xx_HAL_Driver/Inc/Legacy -I../Drivers/CMSIS/Device/ST/STM32F3xx/Include -I../Drivers/CMSIS/Include -O0 -ffunction-sections -fdata-sections -Wall -fstack-usage -fcyclomatic-complexity -MMD -MP -MF"Core/Src/main.d" -MT"Core/Src/main.o" --specs=nano.specs -mfpu=fpv4-sp-d16 -mfloat-abi=hard -mthumb -o "Core/Src/main.o"
arm-none-eabi-g++ -o "Proj-5.elf" @"objects.list"   -mcpu=cortex-m4 -T"/Users/mark/Documents/Courses/F24/Project-V/Proj-5/STM32F303RETX_FLASH.ld" --specs=nosys.specs -Wl,-Map="Proj-5.map" -Wl,--gc-sections -static --specs=nano.specs -mfpu=fpv4-sp-d16 -mfloat-abi=hard -mthumb -u _printf_float -Wl,--start-group -lc -lm -lstdc++ -lsupc++ -Wl,--end-group
Finished building target: Proj-5.elf
 
arm-none-eabi-size  Proj-5.elf 
arm-none-eabi-objdump -h -S Proj-5.elf  > "Proj-5.list"
   text	   data	    bss	    dec	    hex	filename
  34544	    472	   2280	  37296	   91b0	Proj-5.elf
Finished building: default.size.stdout
 
Finished building: Proj-5.list
 
18:59:08 **** Incremental Build of configuration Debug for project Proj-5 ****
make -j7 all 
arm-none-eabi-size  Proj-5.elf 
   text	   data	    bss	    dec	    hex	filename
  34544	    472	   2280	  37296	   91b0	Proj-5.elf
Finished building: default.size.stdout
 
19:00:00 **** Incremental Build of configuration Debug for project Proj-5 ****
make -j7 all 
arm-none-eabi-size  Proj-5.elf 
   text	   data	    bss	    dec	    hex	filename
  34544	    472	   2280	  37296	   91b0	Proj-5.elf
Finished building: default.size.stdout
 
17:08:11 **** Incremental Build of configuration Debug for project PWM ****
make -j7 all 
arm-none-eabi-size  PWM.elf 
   text	   data	    bss	    dec	    hex	filename
  15988	     12	   1780	  17780	   4574	PWM.elf
Finished building: default.size.stdout
 
17:08:13 **** Incremental Build of configuration Debug for project Proj-5 ****
make -j7 all 
arm-none-eabi-gcc "../Core/Src/Stepper.c" -mcpu=cortex-m4 -std=gnu11 -g3 -DDEBUG -DUSE_HAL_DRIVER -DSTM32F303xE -c -I../Core/Inc -I../Drivers/STM32F3xx_HAL_Driver/Inc -I../Drivers/STM32F3xx_HAL_Driver/Inc/Legacy -I../Drivers/CMSIS/Device/ST/STM32F3xx/Include -I../Drivers/CMSIS/Include -O0 -ffunction-sections -fdata-sections -Wall -fstack-usage -fcyclomatic-complexity -MMD -MP -MF"Core/Src/Stepper.d" -MT"Core/Src/Stepper.o" --specs=nano.specs -mfpu=fpv4-sp-d16 -mfloat-abi=hard -mthumb -o "Core/Src/Stepper.o"
arm-none-eabi-gcc "../Core/Src/main.c" -mcpu=cortex-m4 -std=gnu11 -g3 -DDEBUG -DUSE_HAL_DRIVER -DSTM32F303xE -c -I../Core/Inc -I../Drivers/STM32F3xx_HAL_Driver/Inc -I../Drivers/STM32F3xx_HAL_Driver/Inc/Legacy -I../Drivers/CMSIS/Device/ST/STM32F3xx/Include -I../Drivers/CMSIS/Include -O0 -ffunction-sections -fdata-sections -Wall -fstack-usage -fcyclomatic-complexity -MMD -MP -MF"Core/Src/main.d" -MT"Core/Src/main.o" --specs=nano.specs -mfpu=fpv4-sp-d16 -mfloat-abi=hard -mthumb -o "Core/Src/main.o"
In file included from ../Core/Src/Stepper.c:9:
../Core/Inc/Stepper.h:15:1: error: unknown type name 'bool'
   15 | bool Step(void);
      | ^~~~
../Core/Inc/Stepper.h:11:1: note: 'bool' is defined in header '<stdbool.h>'; did you forget to '#include <stdbool.h>'?
   10 | #include "stm32f303xe.h"
  +++ |+#include <stdbool.h>
   11 | 
../Core/Inc/Stepper.h:16:14: error: unknown type name 'bool'
   16 | void Full_CW(bool step);
      |              ^~~~
../Core/Inc/Stepper.h:16:14: note: 'bool' is defined in header '<stdbool.h>'; did you forget to '#include <stdbool.h>'?
../Core/Inc/Stepper.h:17:15: error: unknown type name 'bool'
   17 | void Full_CCW(bool step);
      |               ^~~~
../Core/Inc/Stepper.h:17:15: note: 'bool' is defined in header '<stdbool.h>'; did you forget to '#include <stdbool.h>'?
../Core/Inc/Stepper.h:18:14: error: unknown type name 'bool'
   18 | void Half_CW(bool step);
      |              ^~~~
../Core/Inc/Stepper.h:18:14: note: 'bool' is defined in header '<stdbool.h>'; did you forget to '#include <stdbool.h>'?
../Core/Inc/Stepper.h:19:15: error: unknown type name 'bool'
   19 | void Half_CCW(bool step);
      |               ^~~~
../Core/Inc/Stepper.h:19:15: note: 'bool' is defined in header '<stdbool.h>'; did you forget to '#include <stdbool.h>'?
../Core/Src/Stepper.c: In function 'Home_Stepper':
../Core/Src/Stepper.c:34:17: warning: implicit declaration of function 'Full_CW' [-Wimplicit-function-declaration]
   34 |                 Full_CW();
      |                 ^~~~~~~
../Core/Src/Stepper.c:37:25: warning: implicit declaration of function 'Full_CCW' [-Wimplicit-function-declaration]
   37 |                         Full_CCW();
      |                         ^~~~~~~~
../Core/Src/Stepper.c: At top level:
../Core/Src/Stepper.c:51:1: error: unknown type name 'bool'
   51 | bool Step(void){
      | ^~~~
../Core/Src/Stepper.c:10:1: note: 'bool' is defined in header '<stdbool.h>'; did you forget to '#include <stdbool.h>'?
    9 | #include "Stepper.h"
  +++ |+#include <stdbool.h>
   10 | #include "stm32f303xe.h"
../Core/Src/Stepper.c:78:6: warning: conflicting types for 'Full_CW'; have 'void(void)'
   78 | void Full_CW(void){
      |      ^~~~~~~
../Core/Src/Stepper.c:34:17: note: previous implicit declaration of 'Full_CW' with type 'void(void)'
   34 |                 Full_CW();
      |                 ^~~~~~~
../Core/Src/Stepper.c:85:6: warning: conflicting types for 'Full_CCW'; have 'void(void)'
   85 | void Full_CCW(void){
      |      ^~~~~~~~
../Core/Src/Stepper.c:37:25: note: previous implicit declaration of 'Full_CCW' with type 'void(void)'
   37 |                         Full_CCW();
      |                         ^~~~~~~~
../Core/Src/Stepper.c:15:16: warning: 'index' defined but not used [-Wunused-variable]
   15 | static uint8_t index = 0;
      |                ^~~~~
make: *** [Core/Src/subdir.mk:73: Core/Src/Stepper.o] Error 1
make: *** Waiting for unfinished jobs....
In file included from ../Core/Src/main.c:31:
../Core/Inc/Stepper.h:15:1: error: unknown type name 'bool'
   15 | bool Step(void);
      | ^~~~
../Core/Inc/Stepper.h:1:1: note: 'bool' is defined in header '<stdbool.h>'; did you forget to '#include <stdbool.h>'?
  +++ |+#include <stdbool.h>
    1 | /*
../Core/Inc/Stepper.h:16:14: error: unknown type name 'bool'
   16 | void Full_CW(bool step);
      |              ^~~~
../Core/Inc/Stepper.h:16:14: note: 'bool' is defined in header '<stdbool.h>'; did you forget to '#include <stdbool.h>'?
../Core/Inc/Stepper.h:17:15: error: unknown type name 'bool'
   17 | void Full_CCW(bool step);
      |               ^~~~
../Core/Inc/Stepper.h:17:15: note: 'bool' is defined in header '<stdbool.h>'; did you forget to '#include <stdbool.h>'?
../Core/Inc/Stepper.h:18:14: error: unknown type name 'bool'
   18 | void Half_CW(bool step);
      |              ^~~~
../Core/Inc/Stepper.h:18:14: note: 'bool' is defined in header '<stdbool.h>'; did you forget to '#include <stdbool.h>'?
../Core/Inc/Stepper.h:19:15: error: unknown type name 'bool'
   19 | void Half_CCW(bool step);
      |               ^~~~
../Core/Inc/Stepper.h:19:15: note: 'bool' is defined in header '<stdbool.h>'; did you forget to '#include <stdbool.h>'?
make: *** [Core/Src/subdir.mk:73: Core/Src/main.o] Error 1
"make -j7 all" terminated with exit code 2. Build might be incomplete.
17:09:48 **** Incremental Build of configuration Debug for project PWM ****
make -j7 all 
arm-none-eabi-size  PWM.elf 
   text	   data	    bss	    dec	    hex	filename
  15988	     12	   1780	  17780	   4574	PWM.elf
Finished building: default.size.stdout
 
17:09:49 **** Incremental Build of configuration Debug for project Proj-5 ****
make -j7 all 
arm-none-eabi-gcc "../Core/Src/Stepper.c" -mcpu=cortex-m4 -std=gnu11 -g3 -DDEBUG -DUSE_HAL_DRIVER -DSTM32F303xE -c -I../Core/Inc -I../Drivers/STM32F3xx_HAL_Driver/Inc -I../Drivers/STM32F3xx_HAL_Driver/Inc/Legacy -I../Drivers/CMSIS/Device/ST/STM32F3xx/Include -I../Drivers/CMSIS/Include -O0 -ffunction-sections -fdata-sections -Wall -fstack-usage -fcyclomatic-complexity -MMD -MP -MF"Core/Src/Stepper.d" -MT"Core/Src/Stepper.o" --specs=nano.specs -mfpu=fpv4-sp-d16 -mfloat-abi=hard -mthumb -o "Core/Src/Stepper.o"
arm-none-eabi-gcc "../Core/Src/main.c" -mcpu=cortex-m4 -std=gnu11 -g3 -DDEBUG -DUSE_HAL_DRIVER -DSTM32F303xE -c -I../Core/Inc -I../Drivers/STM32F3xx_HAL_Driver/Inc -I../Drivers/STM32F3xx_HAL_Driver/Inc/Legacy -I../Drivers/CMSIS/Device/ST/STM32F3xx/Include -I../Drivers/CMSIS/Include -O0 -ffunction-sections -fdata-sections -Wall -fstack-usage -fcyclomatic-complexity -MMD -MP -MF"Core/Src/main.d" -MT"Core/Src/main.o" --specs=nano.specs -mfpu=fpv4-sp-d16 -mfloat-abi=hard -mthumb -o "Core/Src/main.o"
../Core/Src/Stepper.c: In function 'Home_Stepper':
../Core/Src/Stepper.c:34:17: error: too few arguments to function 'Full_CW'
   34 |                 Full_CW();
      |                 ^~~~~~~
In file included from ../Core/Src/Stepper.c:9:
../Core/Inc/Stepper.h:16:6: note: declared here
   16 | void Full_CW(uint8_t step);
      |      ^~~~~~~
../Core/Src/Stepper.c:37:25: error: too few arguments to function 'Full_CCW'
   37 |                         Full_CCW();
      |                         ^~~~~~~~
../Core/Inc/Stepper.h:17:6: note: declared here
   17 | void Full_CCW(uint8_t step);
      |      ^~~~~~~~
../Core/Src/Stepper.c:43:17: error: too few arguments to function 'Full_CW'
   43 |                 Full_CW();
      |                 ^~~~~~~
../Core/Inc/Stepper.h:16:6: note: declared here
   16 | void Full_CW(uint8_t step);
      |      ^~~~~~~
../Core/Src/Stepper.c: In function 'Set_Position':
../Core/Src/Stepper.c:67:17: error: too few arguments to function 'Full_CCW'
   67 |                 Full_CCW();
      |                 ^~~~~~~~
../Core/Inc/Stepper.h:17:6: note: declared here
   17 | void Full_CCW(uint8_t step);
      |      ^~~~~~~~
../Core/Src/Stepper.c:70:17: error: too few arguments to function 'Full_CW'
   70 |                 Full_CW();
      |                 ^~~~~~~
../Core/Inc/Stepper.h:16:6: note: declared here
   16 | void Full_CW(uint8_t step);
      |      ^~~~~~~
../Core/Src/Stepper.c: At top level:
../Core/Src/Stepper.c:78:6: error: conflicting types for 'Full_CW'; have 'void(void)'
   78 | void Full_CW(void){
      |      ^~~~~~~
../Core/Inc/Stepper.h:16:6: note: previous declaration of 'Full_CW' with type 'void(uint8_t)' {aka 'void(unsigned char)'}
   16 | void Full_CW(uint8_t step);
      |      ^~~~~~~
../Core/Src/Stepper.c:85:6: error: conflicting types for 'Full_CCW'; have 'void(void)'
   85 | void Full_CCW(void){
      |      ^~~~~~~~
../Core/Inc/Stepper.h:17:6: note: previous declaration of 'Full_CCW' with type 'void(uint8_t)' {aka 'void(unsigned char)'}
   17 | void Full_CCW(uint8_t step);
      |      ^~~~~~~~
make: *** [Core/Src/subdir.mk:73: Core/Src/Stepper.o] Error 1
make: *** Waiting for unfinished jobs....
"make -j7 all" terminated with exit code 2. Build might be incomplete.
17:10:23 **** Incremental Build of configuration Debug for project PWM ****
make -j7 all 
arm-none-eabi-size  PWM.elf 
   text	   data	    bss	    dec	    hex	filename
  15988	     12	   1780	  17780	   4574	PWM.elf
Finished building: default.size.stdout
 
17:10:24 **** Incremental Build of configuration Debug for project Proj-5 ****
make -j7 all 
arm-none-eabi-gcc "../Core/Src/Stepper.c" -mcpu=cortex-m4 -std=gnu11 -g3 -DDEBUG -DUSE_HAL_DRIVER -DSTM32F303xE -c -I../Core/Inc -I../Drivers/STM32F3xx_HAL_Driver/Inc -I../Drivers/STM32F3xx_HAL_Driver/Inc/Legacy -I../Drivers/CMSIS/Device/ST/STM32F3xx/Include -I../Drivers/CMSIS/Include -O0 -ffunction-sections -fdata-sections -Wall -fstack-usage -fcyclomatic-complexity -MMD -MP -MF"Core/Src/Stepper.d" -MT"Core/Src/Stepper.o" --specs=nano.specs -mfpu=fpv4-sp-d16 -mfloat-abi=hard -mthumb -o "Core/Src/Stepper.o"
arm-none-eabi-gcc "../Core/Src/main.c" -mcpu=cortex-m4 -std=gnu11 -g3 -DDEBUG -DUSE_HAL_DRIVER -DSTM32F303xE -c -I../Core/Inc -I../Drivers/STM32F3xx_HAL_Driver/Inc -I../Drivers/STM32F3xx_HAL_Driver/Inc/Legacy -I../Drivers/CMSIS/Device/ST/STM32F3xx/Include -I../Drivers/CMSIS/Include -O0 -ffunction-sections -fdata-sections -Wall -fstack-usage -fcyclomatic-complexity -MMD -MP -MF"Core/Src/main.d" -MT"Core/Src/main.o" --specs=nano.specs -mfpu=fpv4-sp-d16 -mfloat-abi=hard -mthumb -o "Core/Src/main.o"
arm-none-eabi-g++ -o "Proj-5.elf" @"objects.list"   -mcpu=cortex-m4 -T"/Users/mark/Documents/Courses/F24/Project-V/Proj-5/STM32F303RETX_FLASH.ld" --specs=nosys.specs -Wl,-Map="Proj-5.map" -Wl,--gc-sections -static --specs=nano.specs -mfpu=fpv4-sp-d16 -mfloat-abi=hard -mthumb -u _printf_float -Wl,--start-group -lc -lm -lstdc++ -lsupc++ -Wl,--end-group
Finished building target: Proj-5.elf
 
arm-none-eabi-size  Proj-5.elf 
arm-none-eabi-objdump -h -S Proj-5.elf  > "Proj-5.list"
   text	   data	    bss	    dec	    hex	filename
  34560	    472	   2280	  37312	   91c0	Proj-5.elf
Finished building: default.size.stdout
 
Finished building: Proj-5.list
 
17:13:37 **** Incremental Build of configuration Debug for project PWM ****
make -j7 all 
arm-none-eabi-size  PWM.elf 
   text	   data	    bss	    dec	    hex	filename
  15988	     12	   1780	  17780	   4574	PWM.elf
Finished building: default.size.stdout
 
17:13:38 **** Incremental Build of configuration Debug for project Proj-5 ****
make -j7 all 
arm-none-eabi-gcc "../Core/Src/Stepper.c" -mcpu=cortex-m4 -std=gnu11 -g3 -DDEBUG -DUSE_HAL_DRIVER -DSTM32F303xE -c -I../Core/Inc -I../Drivers/STM32F3xx_HAL_Driver/Inc -I../Drivers/STM32F3xx_HAL_Driver/Inc/Legacy -I../Drivers/CMSIS/Device/ST/STM32F3xx/Include -I../Drivers/CMSIS/Include -O0 -ffunction-sections -fdata-sections -Wall -fstack-usage -fcyclomatic-complexity -MMD -MP -MF"Core/Src/Stepper.d" -MT"Core/Src/Stepper.o" --specs=nano.specs -mfpu=fpv4-sp-d16 -mfloat-abi=hard -mthumb -o "Core/Src/Stepper.o"
arm-none-eabi-gcc "../Core/Src/main.c" -mcpu=cortex-m4 -std=gnu11 -g3 -DDEBUG -DUSE_HAL_DRIVER -DSTM32F303xE -c -I../Core/Inc -I../Drivers/STM32F3xx_HAL_Driver/Inc -I../Drivers/STM32F3xx_HAL_Driver/Inc/Legacy -I../Drivers/CMSIS/Device/ST/STM32F3xx/Include -I../Drivers/CMSIS/Include -O0 -ffunction-sections -fdata-sections -Wall -fstack-usage -fcyclomatic-complexity -MMD -MP -MF"Core/Src/main.d" -MT"Core/Src/main.o" --specs=nano.specs -mfpu=fpv4-sp-d16 -mfloat-abi=hard -mthumb -o "Core/Src/main.o"
arm-none-eabi-g++ -o "Proj-5.elf" @"objects.list"   -mcpu=cortex-m4 -T"/Users/mark/Documents/Courses/F24/Project-V/Proj-5/STM32F303RETX_FLASH.ld" --specs=nosys.specs -Wl,-Map="Proj-5.map" -Wl,--gc-sections -static --specs=nano.specs -mfpu=fpv4-sp-d16 -mfloat-abi=hard -mthumb -u _printf_float -Wl,--start-group -lc -lm -lstdc++ -lsupc++ -Wl,--end-group
Finished building target: Proj-5.elf
 
arm-none-eabi-size  Proj-5.elf 
arm-none-eabi-objdump -h -S Proj-5.elf  > "Proj-5.list"
   text	   data	    bss	    dec	    hex	filename
  34480	    472	   2272	  37224	   9168	Proj-5.elf
Finished building: default.size.stdout
 
Finished building: Proj-5.list
 
